Component: ARM Compiler 5.06 update 4 (build 422) Tool: armlink [4d35d2]

==============================================================================

Section Cross References

    main.o(i.CCU40_0_IRQHandler) refers to timer.o(i.TIMER_ClearEvent) for TIMER_ClearEvent
    main.o(i.CCU40_0_IRQHandler) refers to timer_conf.o(.data) for TIMER_0
    main.o(i.CCU40_0_IRQHandler) refers to digital_io_conf.o(.constdata) for DIGITAL_IO_0
    main.o(i.main) refers to dave.o(i.DAVE_Init) for DAVE_Init
    clock_xmc1.o(i.CLOCK_XMC1_SetMCLKFrequency) refers to xmc1_scu.o(i.XMC_SCU_CLOCK_SetMCLKFrequency) for XMC_SCU_CLOCK_SetMCLKFrequency
    clock_xmc1_conf.o(i.SystemCoreClockSetup) refers to xmc1_scu.o(i.XMC_SCU_CLOCK_Init) for XMC_SCU_CLOCK_Init
    clock_xmc1_conf.o(i.SystemCoreClockSetup) refers to clock_xmc1_conf.o(.constdata) for .constdata
    dave.o(i.DAVE_Init) refers to clock_xmc1.o(i.CLOCK_XMC1_Init) for CLOCK_XMC1_Init
    dave.o(i.DAVE_Init) refers to timer.o(i.TIMER_Init) for TIMER_Init
    dave.o(i.DAVE_Init) refers to interrupt.o(i.INTERRUPT_Init) for INTERRUPT_Init
    dave.o(i.DAVE_Init) refers to digital_io.o(i.DIGITAL_IO_Init) for DIGITAL_IO_Init
    dave.o(i.DAVE_Init) refers to clock_xmc1_conf.o(.data) for CLOCK_XMC1_0
    dave.o(i.DAVE_Init) refers to timer_conf.o(.data) for TIMER_0
    dave.o(i.DAVE_Init) refers to interrupt_conf.o(.constdata) for INTERRUPT_0
    dave.o(i.DAVE_Init) refers to digital_io_conf.o(.constdata) for DIGITAL_IO_0
    digital_io.o(i.DIGITAL_IO_Init) refers to xmc1_gpio.o(i.XMC_GPIO_Init) for XMC_GPIO_Init
    digital_io.o(i.DIGITAL_IO_Init) refers to xmc_gpio.o(i.XMC_GPIO_SetHardwareControl) for XMC_GPIO_SetHardwareControl
    global_ccu4.o(i.GLOBAL_CCU4_Init) refers to xmc_ccu4.o(i.XMC_CCU4_Init) for XMC_CCU4_Init
    interrupt.o(i.INTERRUPT_Init) refers to interrupt.o(i.NVIC_SetPriority) for NVIC_SetPriority
    timer.o(i.TIMER_CCU4_lInit) refers to global_ccu4.o(i.GLOBAL_CCU4_Init) for GLOBAL_CCU4_Init
    timer.o(i.TIMER_CCU4_lInit) refers to xmc_ccu4.o(i.XMC_CCU4_SLICE_CompareInit) for XMC_CCU4_SLICE_CompareInit
    timer.o(i.TIMER_CCU4_lInit) refers to timer.o(i.TIMER_CCU4_lShadowTransfer) for TIMER_CCU4_lShadowTransfer
    timer.o(i.TIMER_CCU4_lInit) refers to xmc_ccu4.o(i.XMC_CCU4_SLICE_SetInterruptNode) for XMC_CCU4_SLICE_SetInterruptNode
    timer.o(i.TIMER_CCU4_lInit) refers to timer.o(i.XMC_CCU4_SLICE_ClearTimer) for XMC_CCU4_SLICE_ClearTimer
    timer.o(i.TIMER_CCU4_lInit) refers to timer.o(i.XMC_CCU4_SLICE_StartTimer) for XMC_CCU4_SLICE_StartTimer
    timer.o(i.TIMER_Clear) refers to timer.o(i.XMC_CCU4_SLICE_ClearTimer) for XMC_CCU4_SLICE_ClearTimer
    timer.o(i.TIMER_GetTime) refers to llmul.o(.text) for __aeabi_lmul
    timer.o(i.TIMER_GetTime) refers to llushr.o(.text) for __aeabi_llsr
    timer.o(i.TIMER_Init) refers to timer.o(i.TIMER_CCU4_lInit) for TIMER_CCU4_lInit
    timer.o(i.TIMER_SetTimeInterval) refers to timer.o(i.TIMER_GetTimerStatus) for TIMER_GetTimerStatus
    timer.o(i.TIMER_SetTimeInterval) refers to timer.o(i.__ARM_common_ll_muluu) for __ARM_common_ll_muluu
    timer.o(i.TIMER_SetTimeInterval) refers to llushr.o(.text) for __aeabi_llsr
    timer.o(i.TIMER_SetTimeInterval) refers to lludiv.o(.text) for __aeabi_uldivmod
    timer.o(i.TIMER_SetTimeInterval) refers to xmc_ccu4.o(i.XMC_CCU4_SLICE_SetPrescaler) for XMC_CCU4_SLICE_SetPrescaler
    timer.o(i.TIMER_SetTimeInterval) refers to timer.o(i.TIMER_CCU4_lShadowTransfer) for TIMER_CCU4_lShadowTransfer
    timer.o(i.TIMER_Start) refers to timer.o(i.XMC_CCU4_SLICE_StartTimer) for XMC_CCU4_SLICE_StartTimer
    timer.o(i.TIMER_Stop) refers to timer.o(i.TIMER_GetTimerStatus) for TIMER_GetTimerStatus
    timer_conf.o(.data) refers to global_ccu4_conf.o(.data) for GLOBAL_CCU4_0
    xmc1_flash.o(i.XMC_FLASH_ErasePages) refers to xmc1_flash.o(i.XMC_FLASH_IsBusy) for XMC_FLASH_IsBusy
    xmc1_flash.o(i.XMC_FLASH_EraseSector) refers to xmc1_flash.o(i.XMC_FLASH_ErasePages) for XMC_FLASH_ErasePages
    xmc1_flash.o(i.XMC_FLASH_IsBusy) refers to xmc1_flash.o(i.XMC_FLASH_GetStatus) for XMC_FLASH_GetStatus
    xmc1_flash.o(i.XMC_FLASH_ProgramPage) refers to xmc1_flash.o(i.XMC_FLASH_ProgramVerifyPage) for XMC_FLASH_ProgramVerifyPage
    xmc1_flash.o(i.XMC_FLASH_VerifyBlocks) refers to xmc1_flash.o(i.XMC_FLASH_IsBusy) for XMC_FLASH_IsBusy
    xmc1_flash.o(i.XMC_FLASH_WriteBlocks) refers to xmc1_flash.o(i.XMC_FLASH_IsBusy) for XMC_FLASH_IsBusy
    xmc1_rtc.o(i.XMC_RTC_Disable) refers to xmc1_scu.o(i.XMC_SCU_CLOCK_GatePeripheralClock) for XMC_SCU_CLOCK_GatePeripheralClock
    xmc1_rtc.o(i.XMC_RTC_Enable) refers to xmc1_scu.o(i.XMC_SCU_CLOCK_UngatePeripheralClock) for XMC_SCU_CLOCK_UngatePeripheralClock
    xmc1_rtc.o(i.XMC_RTC_Init) refers to xmc1_rtc.o(i.XMC_RTC_IsEnabled) for XMC_RTC_IsEnabled
    xmc1_rtc.o(i.XMC_RTC_Init) refers to xmc1_rtc.o(i.XMC_RTC_Enable) for XMC_RTC_Enable
    xmc1_rtc.o(i.XMC_RTC_Init) refers to xmc_rtc.o(i.XMC_RTC_SetPrescaler) for XMC_RTC_SetPrescaler
[...]
    system_xmc1100.o(i.SystemCoreClockSetup) refers to system_xmc1100.o(i.SystemCoreClockUpdate) for SystemCoreClockUpdate
    system_xmc1100.o(i.SystemCoreClockUpdate) refers to aeabi_sdiv.o(.text) for __aeabi_uidivmod
    system_xmc1100.o(i.SystemCoreClockUpdate) refers to system_xmc1100.o(.data) for IDIV
    system_xmc1100.o(i.SystemCoreClockUpdate) refers to system_xmc1100.o(.ARM.__AT_0x20003FFC) for SystemCoreClock
    system_xmc1100.o(i.SystemInit) refers to cpu_ctrl_xmc1_conf.o(i.SystemCoreSetup) for SystemCoreSetup
    system_xmc1100.o(i.SystemInit) refers to clock_xmc1_conf.o(i.SystemCoreClockSetup) for SystemCoreClockSetup
    __main.o(!!!main) refers to __rtentry.o(.ARM.Collect$$rtentry$$00000000) for __rt_entry
    __rtentry.o(.ARM.Collect$$rtentry$$00000000) refers (Special) to __rtentry2.o(.ARM.Collect$$rtentry$$0000000A) for __rt_entry_li
    __rtentry.o(.ARM.Collect$$rtentry$$00000000) refers (Special) to __rtentry2.o(.ARM.Collect$$rtentry$$0000000D) for __rt_entry_main
    __rtentry.o(.ARM.Collect$$rtentry$$00000000) refers (Special) to __rtentry2.o(.ARM.Collect$$rtentry$$0000000C) for __rt_entry_postli_1
    __rtentry.o(.ARM.Collect$$rtentry$$00000000) refers (Special) to __rtentry2.o(.ARM.Collect$$rtentry$$00000009) for __rt_entry_postsh_1
    __rtentry.o(.ARM.Collect$$rtentry$$00000000) refers (Special) to __rtentry2.o(.ARM.Collect$$rtentry$$00000002) for __rt_entry_presh_1
    __rtentry.o(.ARM.Collect$$rtentry$$00000000) refers (Special) to __rtentry4.o(.ARM.Collect$$rtentry$$00000004) for __rt_entry_sh
    aeabi_idiv0_sigfpe.o(.text) refers to rt_div0.o(.text) for __rt_div0
    aeabi_ldiv0_sigfpe.o(.text) refers to rt_div0.o(.text) for __rt_div0
    __rtentry2.o(.ARM.Collect$$rtentry$$00000008) refers to boardinit2.o(.text) for _platform_post_stackheap_init
    __rtentry2.o(.ARM.Collect$$rtentry$$0000000A) refers to libinit.o(.ARM.Collect$$libinit$$00000000) for __rt_lib_init
    __rtentry2.o(.ARM.Collect$$rtentry$$0000000B) refers to boardinit3.o(.text) for _platform_post_lib_init
    __rtentry2.o(.ARM.Collect$$rtentry$$0000000D) refers to main.o(i.main) for main
    __rtentry2.o(.ARM.Collect$$rtentry$$0000000D) refers to exit.o(.text) for exit
    __rtentry2.o(.ARM.exidx) refers to __rtentry2.o(.ARM.Collect$$rtentry$$00000001) for .ARM.Collect$$rtentry$$00000001
    __rtentry2.o(.ARM.exidx) refers to __rtentry2.o(.ARM.Collect$$rtentry$$00000008) for .ARM.Collect$$rtentry$$00000008
    __rtentry2.o(.ARM.exidx) refers to __rtentry2.o(.ARM.Collect$$rtentry$$0000000A) for .ARM.Collect$$rtentry$$0000000A
    __rtentry2.o(.ARM.exidx) refers to __rtentry2.o(.ARM.Collect$$rtentry$$0000000B) for .ARM.Collect$$rtentry$$0000000B
    __rtentry2.o(.ARM.exidx) refers to __rtentry2.o(.ARM.Collect$$rtentry$$0000000D) for .ARM.Collect$$rtentry$$0000000D
    __rtentry4.o(.ARM.Collect$$rtentry$$00000004) refers to sys_stackheap_outer.o(.text) for __user_setup_stackheap
    __rtentry4.o(.ARM.exidx) refers to __rtentry4.o(.ARM.Collect$$rtentry$$00000004) for .ARM.Collect$$rtentry$$00000004
    rt_div0.o(.text) refers to defsig_fpe_outer.o(.text) for __rt_SIGFPE
    sys_stackheap_outer.o(.text) refers to libspace.o(.text) for __user_perproc_libspace
    sys_stackheap_outer.o(.text) refers to startup_xmc1100.o(.text) for __user_initial_stackheap
    sys_stackheap_outer.o(__vectab_stack_and_reset_area) refers to tempstk.o(.text) for __temporary_stack_top
    sys_stackheap_outer.o(__vectab_stack_and_reset_area) refers to __main.o(!!!main) for __main
    exit.o(.text) refers to rtexit.o(.ARM.Collect$$rtexit$$00000000) for __rt_exit
    defsig_fpe_outer.o(.text) refers to defsig_fpe_inner.o(.text) for __rt_SIGFPE_inner
    defsig_fpe_outer.o(.text) refers to defsig_exit.o(.text) for __sig_exit
    defsig_fpe_formal.o(.text) refers to rt_raise.o(.text) for __rt_raise
    libinit.o(.ARM.Collect$$libinit$$00000000) refers (Special) to libinit2.o(.ARM.Collect$$libinit$$0000002E) for __rt_lib_init_alloca_1
    libinit.o(.ARM.Collect$$libinit$$00000000) refers (Special) to libinit2.o(.ARM.Collect$$libinit$$0000002C) for __rt_lib_init_argv_1
    libinit.o(.ARM.Collect$$libinit$$00000000) refers (Special) to libinit2.o(.ARM.Collect$$libinit$$0000001B) for __rt_lib_init_atexit_1
    libinit.o(.ARM.Collect$$libinit$$00000000) refers (Special) to libinit2.o(.ARM.Collect$$libinit$$00000021) for __rt_lib_init_clock_1
    libinit.o(.ARM.Collect$$libinit$$00000000) refers (Special) to libinit2.o(.ARM.Collect$$libinit$$00000032) for __rt_lib_init_cpp_1
    libinit.o(.ARM.Collect$$libinit$$00000000) refers (Special) to libinit2.o(.ARM.Collect$$libinit$$00000030) for __rt_lib_init_exceptions_1
    libinit.o(.ARM.Collect$$libinit$$00000000) refers (Special) to libinit2.o(.ARM.Collect$$libinit$$00000002) for __rt_lib_init_fp_1
    libinit.o(.ARM.Collect$$libinit$$00000000) refers (Special) to libinit2.o(.ARM.Collect$$libinit$$0000001F) for __rt_lib_init_fp_trap_1
    libinit.o(.ARM.Collect$$libinit$$00000000) refers (Special) to libinit2.o(.ARM.Collect$$libinit$$00000023) for __rt_lib_init_getenv_1
    libinit.o(.ARM.Collect$$libinit$$00000000) refers (Special) to libinit2.o(.ARM.Collect$$libinit$$0000000A) for __rt_lib_init_heap_1
    libinit.o(.ARM.Collect$$libinit$$00000000) refers (Special) to libinit2.o(.ARM.Collect$$libinit$$00000011) for __rt_lib_init_lc_collate_1
    libinit.o(.ARM.Collect$$libinit$$00000000) refers (Special) to libinit2.o(.ARM.Collect$$libinit$$00000013) for __rt_lib_init_lc_ctype_1
    libinit.o(.ARM.Collect$$libinit$$00000000) refers (Special) to libinit2.o(.ARM.Collect$$libinit$$00000015) for __rt_lib_init_lc_monetary_1
    libinit.o(.ARM.Collect$$libinit$$00000000) refers (Special) to libinit2.o(.ARM.Collect$$libinit$$00000017) for __rt_lib_init_lc_numeric_1
    libinit.o(.ARM.Collect$$libinit$$00000000) refers (Special) to libinit2.o(.ARM.Collect$$libinit$$00000019) for __rt_lib_init_lc_time_1
    libinit.o(.ARM.Collect$$libinit$$00000000) refers (Special) to libinit2.o(.ARM.Collect$$libinit$$00000004) for __rt_lib_init_preinit_1
    libinit.o(.ARM.Collect$$libinit$$00000000) refers (Special) to libinit2.o(.ARM.Collect$$libinit$$0000000E) for __rt_lib_init_rand_1
    libinit.o(.ARM.Collect$$libinit$$00000000) refers (Special) to libinit2.o(.ARM.Collect$$libinit$$00000033) for __rt_lib_init_return
    libinit.o(.ARM.Collect$$libinit$$00000000) refers (Special) to libinit2.o(.ARM.Collect$$libinit$$0000001D) for __rt_lib_init_signal_1
    libinit.o(.ARM.Collect$$libinit$$00000000) refers (Special) to libinit2.o(.ARM.Collect$$libinit$$00000025) for __rt_lib_init_stdio_1
    libinit.o(.ARM.Collect$$libinit$$00000000) refers (Special) to libinit2.o(.ARM.Collect$$libinit$$0000000C) for __rt_lib_init_user_alloc_1
    libspace.o(.text) refers to libspace.o(.bss) for __libspace_start
    rtexit.o(.ARM.Collect$$rtexit$$00000000) refers (Special) to rtexit2.o(.ARM.Collect$$rtexit$$00000004) for __rt_exit_exit
    rtexit.o(.ARM.Collect$$rtexit$$00000000) refers (Special) to rtexit2.o(.ARM.Collect$$rtexit$$00000003) for __rt_exit_ls
    rtexit.o(.ARM.Collect$$rtexit$$00000000) refers (Special) to rtexit2.o(.ARM.Collect$$rtexit$$00000002) for __rt_exit_prels_1
    rtexit.o(.ARM.exidx) refers (Special) to rtexit2.o(.ARM.Collect$$rtexit$$00000004) for __rt_exit_exit
    rtexit.o(.ARM.exidx) refers (Special) to rtexit2.o(.ARM.Collect$$rtexit$$00000003) for __rt_exit_ls
    rtexit.o(.ARM.exidx) refers (Special) to rtexit2.o(.ARM.Collect$$rtexit$$00000002) for __rt_exit_prels_1
    rtexit.o(.ARM.exidx) refers to rtexit.o(.ARM.Collect$$rtexit$$00000000) for .ARM.Collect$$rtexit$$00000000
    rt_raise.o(.text) refers to __raise.o(.text) for __raise
    rt_raise.o(.text) refers to sys_exit.o(.text) for _sys_exit
    defsig_exit.o(.text) refers to sys_exit.o(.text) for _sys_exit
    defsig_fpe_inner.o(.text) refers to defsig_general.o(.text) for __default_signal_display
    libinit2.o(.ARM.Collect$$libinit$$00000010) refers to libinit2.o(.ARM.Collect$$libinit$$0000000F) for .ARM.Collect$$libinit$$0000000F
    libinit2.o(.ARM.Collect$$libinit$$00000012) refers to libinit2.o(.ARM.Collect$$libinit$$0000000F) for .ARM.Collect$$libinit$$0000000F
    libinit2.o(.ARM.Collect$$libinit$$00000014) refers to libinit2.o(.ARM.Collect$$libinit$$0000000F) for .ARM.Collect$$libinit$$0000000F
    libinit2.o(.ARM.Collect$$libinit$$00000016) refers to libinit2.o(.ARM.Collect$$libinit$$0000000F) for .ARM.Collect$$libinit$$0000000F
    libinit2.o(.ARM.Collect$$libinit$$00000018) refers to libinit2.o(.ARM.Collect$$libinit$$0000000F) for .ARM.Collect$$libinit$$0000000F
    libinit2.o(.ARM.Collect$$libinit$$00000026) refers to argv_veneer.o(.text) for __ARM_argv_veneer
    libinit2.o(.ARM.Collect$$libinit$$00000027) refers to argv_veneer.o(.text) for __ARM_argv_veneer
    sys_exit.o(.text) refers (Special) to use_no_semi.o(.text) for __I$use$semihosting
    sys_exit.o(.text) refers (Special) to indicate_semi.o(.text) for __semihosting_library_function
    rtexit2.o(.ARM.Collect$$rtexit$$00000003) refers to libshutdown.o(.ARM.Collect$$libshutdown$$00000000) for __rt_lib_shutdown
    rtexit2.o(.ARM.Collect$$rtexit$$00000004) refers to sys_exit.o(.text) for _sys_exit
    rtexit2.o(.ARM.exidx) refers to rtexit2.o(.ARM.Collect$$rtexit$$00000001) for .ARM.Collect$$rtexit$$00000001
    rtexit2.o(.ARM.exidx) refers to rtexit2.o(.ARM.Collect$$rtexit$$00000003) for .ARM.Collect$$rtexit$$00000003
    rtexit2.o(.ARM.exidx) refers to rtexit2.o(.ARM.Collect$$rtexit$$00000004) for .ARM.Collect$$rtexit$$00000004
    __raise.o(.text) refers to defsig.o(CL$$defsig) for __default_signal_handler
    defsig_general.o(.text) refers to sys_wrch.o(.text) for _ttywrch
    sys_wrch.o(.text) refers (Special) to use_no_semi.o(.text) for __I$use$semihosting
    sys_wrch.o(.text) refers (Special) to indicate_semi.o(.text) for __semihosting_library_function
    defsig.o(CL$$defsig) refers to defsig_fpe_inner.o(.text) for __rt_SIGFPE_inner
    defsig.o(CL$$defsig) refers to defsig_rtmem_inner.o(.text) for __rt_SIGRTMEM_inner
    _get_argv_nomalloc.o(.text) refers (Special) to hrguard.o(.text) for __heap_region$guard
    _get_argv_nomalloc.o(.text) refers to defsig_rtmem_outer.o(.text) for __rt_SIGRTMEM
    _get_argv_nomalloc.o(.text) refers to sys_command.o(.text) for _sys_command_string
    libshutdown.o(.ARM.Collect$$libshutdown$$00000000) refers (Special) to libshutdown2.o(.ARM.Collect$$libshutdown$$00000002) for __rt_lib_shutdown_cpp_1
    libshutdown.o(.ARM.Collect$$libshutdown$$00000000) refers (Special) to libshutdown2.o(.ARM.Collect$$libshutdown$$00000007) for __rt_lib_shutdown_fp_trap_1
    libshutdown.o(.ARM.Collect$$libshutdown$$00000000) refers (Special) to libshutdown2.o(.ARM.Collect$$libshutdown$$0000000F) for __rt_lib_shutdown_heap_1
    libshutdown.o(.ARM.Collect$$libshutdown$$00000000) refers (Special) to libshutdown2.o(.ARM.Collect$$libshutdown$$00000010) for __rt_lib_shutdown_return
    libshutdown.o(.ARM.Collect$$libshutdown$$00000000) refers (Special) to libshutdown2.o(.ARM.Collect$$libshutdown$$0000000A) for __rt_lib_shutdown_signal_1
    libshutdown.o(.ARM.Collect$$libshutdown$$00000000) refers (Special) to libshutdown2.o(.ARM.Collect$$libshutdown$$00000004) for __rt_lib_shutdown_stdio_1
    libshutdown.o(.ARM.Collect$$libshutdown$$00000000) refers (Special) to libshutdown2.o(.ARM.Collect$$libshutdown$$0000000C) for __rt_lib_shutdown_user_alloc_1
    sys_command.o(.text) refers (Special) to use_no_semi.o(.text) for __I$use$semihosting
    sys_command.o(.text) refers (Special) to indicate_semi.o(.text) for __semihosting_library_function
    defsig_abrt_inner.o(.text) refers to defsig_general.o(.text) for __default_signal_display
    defsig_rtred_inner.o(.text) refers to defsig_general.o(.text) for __default_signal_display
    defsig_rtmem_inner.o(.text) refers to defsig_general.o(.text) for __default_signal_display
    defsig_rtmem_outer.o(.text) refers to defsig_rtmem_inner.o(.text) for __rt_SIGRTMEM_inner
    defsig_rtmem_outer.o(.text) refers to defsig_exit.o(.text) for __sig_exit
    defsig_rtmem_formal.o(.text) refers to rt_raise.o(.text) for __rt_raise
    defsig_stak_inner.o(.text) refers to defsig_general.o(.text) for __default_signal_display
    defsig_pvfn_inner.o(.text) refers to defsig_general.o(.text) for __default_signal_display
    defsig_cppl_inner.o(.text) refers to defsig_general.o(.text) for __default_signal_display
    defsig_segv_inner.o(.text) refers to defsig_general.o(.text) for __default_signal_display
    defsig_other.o(.text) refers to defsig_general.o(.text) for __default_signal_display


==============================================================================

Removing Unused input sections from the image.

    Removing main.o(.rev16_text), (4 bytes).
    Removing main.o(.revsh_text), (4 bytes).
    Removing clock_xmc1.o(.rev16_text), (4 bytes).
    Removing clock_xmc1.o(.revsh_text), (4 bytes).
    Removing clock_xmc1.o(i.CLOCK_XMC1_GetAppVersion), (30 bytes).
    Removing clock_xmc1.o(i.CLOCK_XMC1_SetMCLKFrequency), (12 bytes).
    Removing clock_xmc1_conf.o(.rev16_text), (4 bytes).
    Removing clock_xmc1_conf.o(.revsh_text), (4 bytes).
    Removing cpu_ctrl_xmc1.o(.rev16_text), (4 bytes).
    Removing cpu_ctrl_xmc1.o(.revsh_text), (4 bytes).
    Removing cpu_ctrl_xmc1.o(i.CPU_CTRL_XMC1_GetAppVersion), (30 bytes).
    Removing cpu_ctrl_xmc1.o(i.CPU_CTRL_XMC1_Init), (6 bytes).
    Removing cpu_ctrl_xmc1_conf.o(.rev16_text), (4 bytes).
    Removing cpu_ctrl_xmc1_conf.o(.revsh_text), (4 bytes).
    Removing cpu_ctrl_xmc1_conf.o(.data), (1 bytes).
    Removing dave.o(.rev16_text), (4 bytes).
    Removing dave.o(.revsh_text), (4 bytes).
    Removing digital_io.o(.rev16_text), (4 bytes).
    Removing digital_io.o(.revsh_text), (4 bytes).
    Removing digital_io.o(i.DIGITAL_IO_GetAppVersion), (30 bytes).
    Removing digital_io_conf.o(.rev16_text), (4 bytes).
    Removing digital_io_conf.o(.revsh_text), (4 bytes).
    Removing global_ccu4.o(.rev16_text), (4 bytes).
    Removing global_ccu4.o(.revsh_text), (4 bytes).
    Removing global_ccu4.o(i.GLOBAL_CCU4_GetAppVersion), (30 bytes).
    Removing global_ccu4_conf.o(.rev16_text), (4 bytes).
    Removing global_ccu4_conf.o(.revsh_text), (4 bytes).
    Removing interrupt.o(.rev16_text), (4 bytes).
    Removing interrupt.o(.revsh_text), (4 bytes).
    Removing interrupt.o(i.INTERRUPT_GetAppVersion), (30 bytes).
    Removing interrupt_conf.o(.rev16_text), (4 bytes).
    Removing interrupt_conf.o(.revsh_text), (4 bytes).
    Removing timer.o(.rev16_text), (4 bytes).
    Removing timer.o(.revsh_text), (4 bytes).
    Removing timer.o(i.TIMER_Clear), (36 bytes).
    Removing timer.o(i.TIMER_GetAppVersion), (30 bytes).
    Removing timer.o(i.TIMER_GetInterruptStatus), (44 bytes).
    Removing timer.o(i.TIMER_GetTime), (88 bytes).
    Removing timer.o(i.TIMER_GetTimerStatus), (34 bytes).
    Removing timer.o(i.TIMER_SetTimeInterval), (168 bytes).
    Removing timer.o(i.TIMER_Start), (36 bytes).
    Removing timer.o(i.TIMER_Stop), (50 bytes).
    Removing timer_conf.o(.rev16_text), (4 bytes).
    Removing timer_conf.o(.revsh_text), (4 bytes).
    Removing xmc1_eru.o(.rev16_text), (4 bytes).
    Removing xmc1_eru.o(.revsh_text), (4 bytes).
    Removing xmc1_eru.o(i.XMC_ERU_Disable), (2 bytes).
    Removing xmc1_eru.o(i.XMC_ERU_Enable), (2 bytes).
    Removing xmc1_flash.o(.rev16_text), (4 bytes).
    Removing xmc1_flash.o(.revsh_text), (4 bytes).
    Removing xmc1_flash.o(i.XMC_FLASH_ClearStatus), (20 bytes).
    Removing xmc1_flash.o(i.XMC_FLASH_DisableEvent), (16 bytes).
    Removing xmc1_flash.o(i.XMC_FLASH_EnableEvent), (20 bytes).
    Removing xmc1_flash.o(i.XMC_FLASH_ErasePage), (16 bytes).
    Removing xmc1_flash.o(i.XMC_FLASH_ErasePages), (42 bytes).
    Removing xmc1_flash.o(i.XMC_FLASH_EraseSector), (14 bytes).
    Removing xmc1_flash.o(i.XMC_FLASH_GetStatus), (12 bytes).
    Removing xmc1_flash.o(i.XMC_FLASH_IsBusy), (12 bytes).
    Removing xmc1_flash.o(i.XMC_FLASH_ProgramPage), (16 bytes).
    Removing xmc1_flash.o(i.XMC_FLASH_ProgramVerifyPage), (20 bytes).
    Removing xmc1_flash.o(i.XMC_FLASH_ReadBlocks), (32 bytes).
    Removing xmc1_flash.o(i.XMC_FLASH_VerifyBlocks), (96 bytes).
    Removing xmc1_flash.o(i.XMC_FLASH_WriteBlocks), (132 bytes).
    Removing xmc1_gpio.o(.rev16_text), (4 bytes).
    Removing xmc1_gpio.o(.revsh_text), (4 bytes).
    Removing xmc1_gpio.o(i.XMC_GPIO_SetInputHysteresis), (64 bytes).
    Removing xmc1_rtc.o(.rev16_text), (4 bytes).
    Removing xmc1_rtc.o(.revsh_text), (4 bytes).
    Removing xmc1_rtc.o(i.XMC_RTC_ClearEvent), (12 bytes).
    Removing xmc1_rtc.o(i.XMC_RTC_Disable), (12 bytes).
    Removing xmc1_rtc.o(i.XMC_RTC_DisableEvent), (16 bytes).
    Removing xmc1_rtc.o(i.XMC_RTC_Enable), (12 bytes).
    Removing xmc1_rtc.o(i.XMC_RTC_EnableEvent), (16 bytes).
    Removing xmc1_rtc.o(i.XMC_RTC_Init), (100 bytes).
    Removing xmc1_rtc.o(i.XMC_RTC_IsEnabled), (16 bytes).
    Removing xmc1_rtc.o(i.XMC_RTC_SetDebugMode), (24 bytes).
    Removing xmc1_scu.o(.rev16_text), (4 bytes).
    Removing xmc1_scu.o(.revsh_text), (4 bytes).
    Removing xmc1_scu.o(i.XMC_SCU_CLOCK_CalibrateOscillatorOnTemperature), (68 bytes).
    Removing xmc1_scu.o(i.XMC_SCU_CLOCK_GatePeripheralClock), (28 bytes).
    Removing xmc1_scu.o(i.XMC_SCU_CLOCK_GetFastPeripheralClockFrequency), (28 bytes).
    Removing xmc1_scu.o(i.XMC_SCU_CLOCK_GetPeripheralClockFrequency), (12 bytes).
    Removing xmc1_scu.o(i.XMC_SCU_CLOCK_IsPeripheralClockGated), (24 bytes).
    Removing xmc1_scu.o(i.XMC_SCU_CLOCK_SetFastPeripheralClockSource), (36 bytes).
    Removing xmc1_scu.o(i.XMC_SCU_CLOCK_SetMCLKFrequency), (44 bytes).
    Removing xmc1_scu.o(i.XMC_SCU_CLOCK_SetRtcClockSource), (36 bytes).
    Removing xmc1_scu.o(i.XMC_SCU_CalcTSEVAR), (52 bytes).
    Removing xmc1_scu.o(i.XMC_SCU_CalcTemperature), (12 bytes).
    Removing xmc1_scu.o(i.XMC_SCU_GetTemperature), (12 bytes).
    Removing xmc1_scu.o(i.XMC_SCU_HighTemperature), (20 bytes).
    Removing xmc1_scu.o(i.XMC_SCU_INTERRUPT_ClearEventStatus), (16 bytes).
    Removing xmc1_scu.o(i.XMC_SCU_INTERRUPT_DisableEvent), (16 bytes).
    Removing xmc1_scu.o(i.XMC_SCU_INTERRUPT_EnableEvent), (16 bytes).
    Removing xmc1_scu.o(i.XMC_SCU_INTERRUPT_SetEventHandler), (48 bytes).
    Removing xmc1_scu.o(i.XMC_SCU_INTERRUPT_TriggerEvent), (16 bytes).
    Removing xmc1_scu.o(i.XMC_SCU_INTERUPT_GetEventStatus), (12 bytes).
    Removing xmc1_scu.o(i.XMC_SCU_IRQHandler), (80 bytes).
    Removing xmc1_scu.o(i.XMC_SCU_LowTemperature), (12 bytes).
    Removing xmc1_scu.o(i.XMC_SCU_SetRawTempLimits), (12 bytes).
    Removing xmc1_scu.o(i.XMC_SCU_SetTempHighLimit), (36 bytes).
    Removing xmc1_scu.o(i.XMC_SCU_SetTempLowLimit), (36 bytes).
    Removing xmc1_scu.o(i.XMC_SCU_StartTempMeasurement), (20 bytes).
    Removing xmc1_scu.o(i.XMC_SCU_StopTempMeasurement), (24 bytes).
    Removing xmc1_scu.o(i.XMC_SCU_SupplyMonitorInit), (80 bytes).
    Removing xmc1_scu.o(.bss), (128 bytes).
    Removing xmc1_scu.o(.data), (12 bytes).
    Removing xmc_acmp.o(.rev16_text), (4 bytes).
    Removing xmc_acmp.o(.revsh_text), (4 bytes).
    Removing xmc_bccu.o(.rev16_text), (4 bytes).
    Removing xmc_bccu.o(.revsh_text), (4 bytes).
    Removing xmc_can.o(.rev16_text), (4 bytes).
    Removing xmc_can.o(.revsh_text), (4 bytes).
    Removing xmc_ccu4.o(.rev16_text), (4 bytes).
    Removing xmc_ccu4.o(.revsh_text), (4 bytes).
    Removing xmc_ccu4.o(i.XMC_CCU4_DisableModule), (36 bytes).
    Removing xmc_ccu4.o(i.XMC_CCU4_SLICE_Capture0Config), (22 bytes).
    Removing xmc_ccu4.o(i.XMC_CCU4_SLICE_Capture1Config), (22 bytes).
    Removing xmc_ccu4.o(i.XMC_CCU4_SLICE_CaptureInit), (32 bytes).
    Removing xmc_ccu4.o(i.XMC_CCU4_SLICE_ConfigureEvent), (102 bytes).
    Removing xmc_ccu4.o(i.XMC_CCU4_SLICE_ConfigureStatusBitOverrideEvent), (128 bytes).
    Removing xmc_ccu4.o(i.XMC_CCU4_SLICE_CountConfig), (24 bytes).
    Removing xmc_ccu4.o(i.XMC_CCU4_SLICE_DirectionConfig), (24 bytes).
    Removing xmc_ccu4.o(i.XMC_CCU4_SLICE_EnableDithering), (42 bytes).
    Removing xmc_ccu4.o(i.XMC_CCU4_SLICE_GateConfig), (24 bytes).
    Removing xmc_ccu4.o(i.XMC_CCU4_SLICE_GetCaptureRegisterValue), (12 bytes).
    Removing xmc_ccu4.o(i.XMC_CCU4_SLICE_GetCapturedValueFromFifo), (18 bytes).
    Removing xmc_ccu4.o(i.XMC_CCU4_SLICE_GetLastCapturedTimerValue), (94 bytes).
    Removing xmc_ccu4.o(i.XMC_CCU4_SLICE_LoadConfig), (24 bytes).
    Removing xmc_ccu4.o(i.XMC_CCU4_SLICE_ModulationConfig), (68 bytes).
    Removing xmc_ccu4.o(i.XMC_CCU4_SLICE_SetInput), (34 bytes).
    Removing xmc_ccu4.o(i.XMC_CCU4_SLICE_SetPassiveLevel), (18 bytes).
    Removing xmc_ccu4.o(i.XMC_CCU4_SLICE_SetPrescaler), (24 bytes).
    Removing xmc_ccu4.o(i.XMC_CCU4_SLICE_SetTimerCountingMode), (24 bytes).
    Removing xmc_ccu4.o(i.XMC_CCU4_SLICE_SetTimerRepeatMode), (24 bytes).
    Removing xmc_ccu4.o(i.XMC_CCU4_SLICE_StartConfig), (46 bytes).
    Removing xmc_ccu4.o(i.XMC_CCU4_SLICE_StatusBitOverrideConfig), (20 bytes).
    Removing xmc_ccu4.o(i.XMC_CCU4_SLICE_StopConfig), (40 bytes).
    Removing xmc_ccu4.o(i.XMC_CCU4_SLICE_TrapConfig), (70 bytes).
    Removing xmc_ccu4.o(i.XMC_CCU4_SetModuleClock), (22 bytes).
    Removing xmc_ccu4.o(i.XMC_CCU4_SetMultiChannelShadowTransferMode), (20 bytes).
    Removing xmc_ccu8.o(.rev16_text), (4 bytes).
    Removing xmc_ccu8.o(.revsh_text), (4 bytes).
    Removing xmc_common.o(.rev16_text), (4 bytes).
    Removing xmc_common.o(.revsh_text), (4 bytes).
    Removing xmc_common.o(i.XMC_LIST_Add), (30 bytes).
    Removing xmc_common.o(i.XMC_LIST_GetHead), (6 bytes).
    Removing xmc_common.o(i.XMC_LIST_GetTail), (26 bytes).
    Removing xmc_common.o(i.XMC_LIST_Init), (6 bytes).
    Removing xmc_common.o(i.XMC_LIST_Insert), (20 bytes).
    Removing xmc_common.o(i.XMC_LIST_Remove), (54 bytes).
    Removing xmc_common.o(i.XMC_PRIOARRAY_Add), (110 bytes).
    Removing xmc_common.o(i.XMC_PRIOARRAY_Init), (84 bytes).
    Removing xmc_common.o(i.XMC_PRIOARRAY_Remove), (44 bytes).
    Removing xmc_eru.o(.rev16_text), (4 bytes).
    Removing xmc_eru.o(.revsh_text), (4 bytes).
    Removing xmc_eru.o(i.XMC_ERU_ETL_DisableOutputTrigger), (24 bytes).
    Removing xmc_eru.o(i.XMC_ERU_ETL_EnableOutputTrigger), (54 bytes).
    Removing xmc_eru.o(i.XMC_ERU_ETL_GetEdgeDetection), (16 bytes).
    Removing xmc_eru.o(i.XMC_ERU_ETL_Init), (46 bytes).
    Removing xmc_eru.o(i.XMC_ERU_ETL_SetEdgeDetection), (32 bytes).
    Removing xmc_eru.o(i.XMC_ERU_ETL_SetInput), (26 bytes).
    Removing xmc_eru.o(i.XMC_ERU_ETL_SetSource), (36 bytes).
    Removing xmc_eru.o(i.XMC_ERU_ETL_SetStatusFlagMode), (32 bytes).
    Removing xmc_eru.o(i.XMC_ERU_OGU_DisablePatternDetection), (24 bytes).
    Removing xmc_eru.o(i.XMC_ERU_OGU_DisablePeripheralTrigger), (24 bytes).
    Removing xmc_eru.o(i.XMC_ERU_OGU_EnablePatternDetection), (58 bytes).
    Removing xmc_eru.o(i.XMC_ERU_OGU_EnablePeripheralTrigger), (30 bytes).
    Removing xmc_eru.o(i.XMC_ERU_OGU_Init), (26 bytes).
    Removing xmc_eru.o(i.XMC_ERU_OGU_SetServiceRequestMode), (32 bytes).
    Removing xmc_gpio.o(.rev16_text), (4 bytes).
    Removing xmc_gpio.o(.revsh_text), (4 bytes).
    Removing xmc_gpio.o(i.XMC_GPIO_SetMode), (64 bytes).
    Removing xmc_i2c.o(.rev16_text), (4 bytes).
    Removing xmc_i2c.o(.revsh_text), (4 bytes).
    Removing xmc_i2c.o(i.XMC_I2C_CH_ClearStatusFlag), (8 bytes).
    Removing xmc_i2c.o(i.XMC_I2C_CH_DisableEvent), (28 bytes).
    Removing xmc_i2c.o(i.XMC_I2C_CH_EnableEvent), (28 bytes).
    Removing xmc_i2c.o(i.XMC_I2C_CH_GetReceivedData), (34 bytes).
    Removing xmc_i2c.o(i.XMC_I2C_CH_GetSlaveAddress), (36 bytes).
    Removing xmc_i2c.o(i.XMC_I2C_CH_Init), (56 bytes).
    Removing xmc_i2c.o(i.XMC_I2C_CH_MasterReceiveAck), (64 bytes).
    Removing xmc_i2c.o(i.XMC_I2C_CH_MasterReceiveNack), (62 bytes).
    Removing xmc_i2c.o(i.XMC_I2C_CH_MasterRepeatedStart), (76 bytes).
    Removing xmc_i2c.o(i.XMC_I2C_CH_MasterStart), (76 bytes).
    Removing xmc_i2c.o(i.XMC_I2C_CH_MasterStop), (62 bytes).
    Removing xmc_i2c.o(i.XMC_I2C_CH_MasterTransmit), (58 bytes).
    Removing xmc_i2c.o(i.XMC_I2C_CH_SetBaudrate), (88 bytes).
    Removing xmc_i2c.o(i.XMC_I2C_CH_SetSlaveAddress), (38 bytes).
    Removing xmc_i2c.o(i.XMC_I2C_CH_SlaveTransmit), (70 bytes).
    Removing xmc_i2c.o(i.XMC_I2C_CH_Stop), (44 bytes).
    Removing xmc_i2c.o(i.XMC_USIC_CH_GetTransmitBufferStatus), (10 bytes).
    Removing xmc_i2s.o(.rev16_text), (4 bytes).
    Removing xmc_i2s.o(.revsh_text), (4 bytes).
    Removing xmc_i2s.o(i.XMC_I2S_CH_DisableEvent), (32 bytes).
    Removing xmc_i2s.o(i.XMC_I2S_CH_EnableEvent), (32 bytes).
    Removing xmc_i2s.o(i.XMC_I2S_CH_GetReceivedData), (34 bytes).
    Removing xmc_i2s.o(i.XMC_I2S_CH_Init), (110 bytes).
    Removing xmc_i2s.o(i.XMC_I2S_CH_SetBaudrate), (52 bytes).
    Removing xmc_i2s.o(i.XMC_I2S_CH_SetSystemWordLength), (116 bytes).
    Removing xmc_i2s.o(i.XMC_I2S_CH_Stop), (44 bytes).
    Removing xmc_i2s.o(i.XMC_I2S_CH_Transmit), (70 bytes).
    Removing xmc_i2s.o(i.XMC_USIC_CH_GetTransmitBufferStatus), (10 bytes).
    Removing xmc_ledts.o(.rev16_text), (4 bytes).
    Removing xmc_ledts.o(.revsh_text), (4 bytes).
    Removing xmc_math.o(.rev16_text), (4 bytes).
    Removing xmc_math.o(.revsh_text), (4 bytes).
    Removing xmc_pau.o(.rev16_text), (4 bytes).
    Removing xmc_pau.o(.revsh_text), (4 bytes).
    Removing xmc_pau.o(i.XMC_PAU_DisablePeripheralAccess), (28 bytes).
    Removing xmc_pau.o(i.XMC_PAU_EnablePeripheralAccess), (28 bytes).
    Removing xmc_pau.o(i.XMC_PAU_IsPeripheralAccessEnabled), (32 bytes).
    Removing xmc_pau.o(i.XMC_PAU_IsPeripheralAvailable), (32 bytes).
    Removing xmc_posif.o(.rev16_text), (4 bytes).
    Removing xmc_posif.o(.revsh_text), (4 bytes).
    Removing xmc_prng.o(.rev16_text), (4 bytes).
    Removing xmc_prng.o(.revsh_text), (4 bytes).
    Removing xmc_prng.o(i.XMC_PRNG_Init), (144 bytes).
    Removing xmc_prng.o(i.XMC_PRNG_SetRandomDataBlockSize), (24 bytes).
    Removing xmc_rtc.o(.rev16_text), (4 bytes).
    Removing xmc_rtc.o(.revsh_text), (4 bytes).
    Removing xmc_rtc.o(i.XMC_RTC_GetAlarm), (20 bytes).
    Removing xmc_rtc.o(i.XMC_RTC_GetAlarmStdFormat), (76 bytes).
    Removing xmc_rtc.o(i.XMC_RTC_GetEventStatus), (12 bytes).
    Removing xmc_rtc.o(i.XMC_RTC_GetTime), (20 bytes).
    Removing xmc_rtc.o(i.XMC_RTC_GetTimeStdFormat), (84 bytes).
    Removing xmc_rtc.o(i.XMC_RTC_SetAlarm), (36 bytes).
    Removing xmc_rtc.o(i.XMC_RTC_SetAlarmStdFormat), (140 bytes).
    Removing xmc_rtc.o(i.XMC_RTC_SetPrescaler), (40 bytes).
    Removing xmc_rtc.o(i.XMC_RTC_SetTime), (36 bytes).
    Removing xmc_rtc.o(i.XMC_RTC_SetTimeStdFormat), (156 bytes).
    Removing xmc_rtc.o(i.XMC_RTC_Start), (36 bytes).
    Removing xmc_rtc.o(i.XMC_RTC_Stop), (36 bytes).
    Removing xmc_rtc.o(i.XMC_SCU_GetMirrorStatus), (12 bytes).
    Removing xmc_spi.o(.rev16_text), (4 bytes).
    Removing xmc_spi.o(.revsh_text), (4 bytes).
    Removing xmc_spi.o(i.XMC_SPI_CH_ClearStatusFlag), (8 bytes).
    Removing xmc_spi.o(i.XMC_SPI_CH_DisableEvent), (30 bytes).
    Removing xmc_spi.o(i.XMC_SPI_CH_DisableSlaveSelect), (24 bytes).
    Removing xmc_spi.o(i.XMC_SPI_CH_EnableEvent), (30 bytes).
    Removing xmc_spi.o(i.XMC_SPI_CH_EnableSlaveSelect), (18 bytes).
    Removing xmc_spi.o(i.XMC_SPI_CH_GetReceivedData), (34 bytes).
    Removing xmc_spi.o(i.XMC_SPI_CH_Init), (68 bytes).
    Removing xmc_spi.o(i.XMC_SPI_CH_SetBaudrate), (38 bytes).
    Removing xmc_spi.o(i.XMC_SPI_CH_SetInterwordDelay), (236 bytes).
    Removing xmc_spi.o(i.XMC_SPI_CH_Stop), (44 bytes).
    Removing xmc_spi.o(i.XMC_SPI_CH_Transmit), (84 bytes).
    Removing xmc_spi.o(i.XMC_USIC_CH_GetTransmitBufferStatus), (10 bytes).
    Removing xmc_uart.o(.rev16_text), (4 bytes).
    Removing xmc_uart.o(.revsh_text), (4 bytes).
    Removing xmc_uart.o(i.XMC_UART_CH_DisableEvent), (24 bytes).
    Removing xmc_uart.o(i.XMC_UART_CH_EnableEvent), (24 bytes).
    Removing xmc_uart.o(i.XMC_UART_CH_GetReceivedData), (34 bytes).
    Removing xmc_uart.o(i.XMC_UART_CH_Init), (118 bytes).
    Removing xmc_uart.o(i.XMC_UART_CH_SetBaudrate), (44 bytes).
    Removing xmc_uart.o(i.XMC_UART_CH_Stop), (56 bytes).
    Removing xmc_uart.o(i.XMC_UART_CH_Transmit), (56 bytes).
    Removing xmc_uart.o(i.XMC_USIC_CH_GetTransmitBufferStatus), (10 bytes).
    Removing xmc_usic.o(.rev16_text), (4 bytes).
    Removing xmc_usic.o(.revsh_text), (4 bytes).
    Removing xmc_usic.o(i.XMC_USIC_CH_ConfigExternalInputSignalToBRG), (76 bytes).
    Removing xmc_usic.o(i.XMC_USIC_CH_Disable), (14 bytes).
    Removing xmc_usic.o(i.XMC_USIC_CH_Enable), (60 bytes).
    Removing xmc_usic.o(i.XMC_USIC_CH_RXFIFO_Configure), (60 bytes).
    Removing xmc_usic.o(i.XMC_USIC_CH_RXFIFO_SetInterruptNodePointer), (28 bytes).
    Removing xmc_usic.o(i.XMC_USIC_CH_RXFIFO_SetSizeTriggerLimit), (46 bytes).
    Removing xmc_usic.o(i.XMC_USIC_CH_SetBaudrate), (180 bytes).
    Removing xmc_usic.o(i.XMC_USIC_CH_SetInterruptNodePointer), (20 bytes).
    Removing xmc_usic.o(i.XMC_USIC_CH_TXFIFO_Configure), (52 bytes).
    Removing xmc_usic.o(i.XMC_USIC_CH_TXFIFO_SetInterruptNodePointer), (28 bytes).
    Removing xmc_usic.o(i.XMC_USIC_CH_TXFIFO_SetSizeTriggerLimit), (46 bytes).
    Removing xmc_usic.o(i.XMC_USIC_Disable), (24 bytes).
    Removing xmc_usic.o(i.XMC_USIC_Enable), (24 bytes).
    Removing xmc_vadc.o(.rev16_text), (4 bytes).
    Removing xmc_vadc.o(.revsh_text), (4 bytes).
    Removing xmc_vadc.o(i.XMC_VADC_GLOBAL_BackgroundAbortSequence), (48 bytes).
    Removing xmc_vadc.o(i.XMC_VADC_GLOBAL_BackgroundGetNumChannelsPending), (64 bytes).
    Removing xmc_vadc.o(i.XMC_VADC_GLOBAL_BackgroundInit), (32 bytes).
    Removing xmc_vadc.o(i.XMC_VADC_GLOBAL_BackgroundSelectGating), (36 bytes).
    Removing xmc_vadc.o(i.XMC_VADC_GLOBAL_BackgroundSelectTrigger), (36 bytes).
    Removing xmc_vadc.o(i.XMC_VADC_GLOBAL_BackgroundSelectTriggerEdge), (36 bytes).
    Removing xmc_vadc.o(i.XMC_VADC_GLOBAL_BackgroundSetReqSrcEventInterruptNode), (40 bytes).
    Removing xmc_vadc.o(i.XMC_VADC_GLOBAL_DisableModule), (10 bytes).
    Removing xmc_vadc.o(i.XMC_VADC_GLOBAL_EnableModule), (10 bytes).
    Removing xmc_vadc.o(i.XMC_VADC_GLOBAL_GetCompareResult), (28 bytes).
    Removing xmc_vadc.o(i.XMC_VADC_GLOBAL_Init), (76 bytes).
    Removing xmc_vadc.o(i.XMC_VADC_GLOBAL_InputClassInit), (24 bytes).
    Removing xmc_vadc.o(i.XMC_VADC_GLOBAL_SHS_Init), (12 bytes).
    Removing xmc_vadc.o(i.XMC_VADC_GLOBAL_SHS_SetGainFactor), (86 bytes).
    Removing xmc_vadc.o(i.XMC_VADC_GLOBAL_SHS_SetSigmaDeltaLoop), (32 bytes).
    Removing xmc_vadc.o(i.XMC_VADC_GLOBAL_SetCompareValue), (42 bytes).
    Removing xmc_vadc.o(i.XMC_VADC_GLOBAL_SetResultEventInterruptNode), (46 bytes).
    Removing xmc_vadc.o(i.XMC_VADC_GLOBAL_StartupCalibration), (32 bytes).
    Removing xmc_wdt.o(.rev16_text), (4 bytes).
    Removing xmc_wdt.o(.revsh_text), (4 bytes).
    Removing xmc_wdt.o(i.XMC_WDT_Disable), (12 bytes).
    Removing xmc_wdt.o(i.XMC_WDT_Enable), (12 bytes).
    Removing xmc_wdt.o(i.XMC_WDT_Init), (28 bytes).
    Removing system_xmc1100.o(.rev16_text), (4 bytes).
    Removing system_xmc1100.o(.revsh_text), (4 bytes).
    Removing system_xmc1100.o(i.SystemCoreClockSetup), (56 bytes).
    Removing system_xmc1100.o(i.SystemCoreSetup), (36 bytes).
    Removing timer.o(i.__ARM_common_ll_muluu), (48 bytes).

302 unused section(s) (total 9421 bytes) removed from the image.

==============================================================================

Image Symbol Table

    Local Symbols

    Symbol Name                              Value     Ov Type        Size  Object(Section)

    ../clib/angel/boardlib.s                 0x00000000   Number         0  boardshut.o ABSOLUTE
    ../clib/angel/boardlib.s                 0x00000000   Number         0  boardinit1.o ABSOLUTE
    ../clib/angel/boardlib.s                 0x00000000   Number         0  boardinit2.o ABSOLUTE
    ../clib/angel/boardlib.s                 0x00000000   Number         0  boardinit3.o ABSOLUTE
    ../clib/angel/handlers.s                 0x00000000   Number         0  __scatter_copy.o ABSOLUTE
    ../clib/angel/handlers.s                 0x00000000   Number         0  __scatter_zi.o ABSOLUTE
    ../clib/angel/kernel.s                   0x00000000   Number         0  __rtentry2.o ABSOLUTE
    ../clib/angel/kernel.s                   0x00000000   Number         0  __rtentry.o ABSOLUTE
    ../clib/angel/kernel.s                   0x00000000   Number         0  __rtentry4.o ABSOLUTE
    ../clib/angel/kernel.s                   0x00000000   Number         0  rtexit.o ABSOLUTE
    ../clib/angel/kernel.s                   0x00000000   Number         0  rtexit2.o ABSOLUTE
    ../clib/angel/rt.s                       0x00000000   Number         0  rt_raise.o ABSOLUTE
    ../clib/angel/rt.s                       0x00000000   Number         0  aeabi_idiv0_sigfpe.o ABSOLUTE
    ../clib/angel/rt.s                       0x00000000   Number         0  aeabi_idiv0.o ABSOLUTE
    ../clib/angel/rt.s                       0x00000000   Number         0  aeabi_ldiv0_sigfpe.o ABSOLUTE
    ../clib/angel/rt.s                       0x00000000   Number         0  aeabi_ldiv0.o ABSOLUTE
    ../clib/angel/rt.s                       0x00000000   Number         0  rt_div0.o ABSOLUTE
    ../clib/angel/scatterp.s                 0x00000000   Number         0  __scatter.o ABSOLUTE
    ../clib/angel/startup.s                  0x00000000   Number         0  __main.o ABSOLUTE
    ../clib/angel/sys.s                      0x00000000   Number         0  indicate_semi.o ABSOLUTE
    ../clib/angel/sys.s                      0x00000000   Number         0  use_no_semi.o ABSOLUTE
    ../clib/angel/sys.s                      0x00000000   Number         0  tempstk.o ABSOLUTE
    ../clib/angel/sys.s                      0x00000000   Number         0  libspace.o ABSOLUTE
    ../clib/angel/sys.s                      0x00000000   Number         0  sys_stackheap_outer.o ABSOLUTE
    ../clib/angel/sysapp.c                   0x00000000   Number         0  sys_wrch.o ABSOLUTE
    ../clib/angel/sysapp.c                   0x00000000   Number         0  sys_command.o ABSOLUTE
    ../clib/angel/sysapp.c                   0x00000000   Number         0  sys_exit.o ABSOLUTE
    ../clib/armsys.c                         0x00000000   Number         0  _get_argv_nomalloc.o ABSOLUTE
    ../clib/armsys.c                         0x00000000   Number         0  no_argv.o ABSOLUTE
    ../clib/armsys.c                         0x00000000   Number         0  argv_veneer.o ABSOLUTE
    ../clib/division.c                       0x00000000   Number         0  lludiv.o ABSOLUTE
    ../clib/division.s                       0x00000000   Number         0  aeabi_sdiv_div0.o ABSOLUTE
    ../clib/division.s                       0x00000000   Number         0  aeabi_sdiv.o ABSOLUTE
    ../clib/heapalloc.c                      0x00000000   Number         0  hrguard.o ABSOLUTE
    ../clib/heapaux.c                        0x00000000   Number         0  heapauxi.o ABSOLUTE
    ../clib/libinit.s                        0x00000000   Number         0  libshutdown2.o ABSOLUTE
    ../clib/libinit.s                        0x00000000   Number         0  libinit2.o ABSOLUTE
    ../clib/libinit.s                        0x00000000   Number         0  libshutdown.o ABSOLUTE
    ../clib/libinit.s                        0x00000000   Number         0  libinit.o ABSOLUTE
    ../clib/longlong.c                       0x00000000   Number         0  llushr.o ABSOLUTE
    ../clib/longlong.c                       0x00000000   Number         0  llmul.o ABSOLUTE
    ../clib/signal.c                         0x00000000   Number         0  defsig_cppl_inner.o ABSOLUTE
    ../clib/signal.c                         0x00000000   Number         0  defsig_pvfn_inner.o ABSOLUTE
    ../clib/signal.c                         0x00000000   Number         0  defsig_stak_inner.o ABSOLUTE
    ../clib/signal.c                         0x00000000   Number         0  defsig_rtmem_formal.o ABSOLUTE
    ../clib/signal.c                         0x00000000   Number         0  defsig_rtmem_outer.o ABSOLUTE
    ../clib/signal.c                         0x00000000   Number         0  defsig_segv_inner.o ABSOLUTE
    ../clib/signal.c                         0x00000000   Number         0  defsig_fpe_outer.o ABSOLUTE
    ../clib/signal.c                         0x00000000   Number         0  defsig_rtred_inner.o ABSOLUTE
    ../clib/signal.c                         0x00000000   Number         0  defsig_fpe_inner.o ABSOLUTE
    ../clib/signal.c                         0x00000000   Number         0  defsig_exit.o ABSOLUTE
    ../clib/signal.c                         0x00000000   Number         0  defsig_abrt_inner.o ABSOLUTE
    ../clib/signal.c                         0x00000000   Number         0  defsig_fpe_formal.o ABSOLUTE
    ../clib/signal.c                         0x00000000   Number         0  defsig_general.o ABSOLUTE
    ../clib/signal.c                         0x00000000   Number         0  defsig_rtmem_inner.o ABSOLUTE
    ../clib/signal.c                         0x00000000   Number         0  __raise.o ABSOLUTE
    ../clib/signal.c                         0x00000000   Number         0  defsig_other.o ABSOLUTE
    ../clib/signal.s                         0x00000000   Number         0  defsig.o ABSOLUTE
    ../clib/stdlib.c                         0x00000000   Number         0  exit.o ABSOLUTE
    ../fplib/cfplib/fpinit.c                 0x00000000   Number         0  fpinit.o ABSOLUTE
    C:\Keil_v5\ARM\PACK\Infineon\XMC1000_DFP\2.5.1\Device\XMClib\src\xmc1_eru.c 0x00000000   Number         0  xmc1_eru.o ABSOLUTE
    C:\Keil_v5\ARM\PACK\Infineon\XMC1000_DFP\2.5.1\Device\XMClib\src\xmc1_flash.c 0x00000000   Number         0  xmc1_flash.o ABSOLUTE
    C:\Keil_v5\ARM\PACK\Infineon\XMC1000_DFP\2.5.1\Device\XMClib\src\xmc1_gpio.c 0x00000000   Number         0  xmc1_gpio.o ABSOLUTE
    C:\Keil_v5\ARM\PACK\Infineon\XMC1000_DFP\2.5.1\Device\XMClib\src\xmc1_rtc.c 0x00000000   Number         0  xmc1_rtc.o ABSOLUTE
    C:\Keil_v5\ARM\PACK\Infineon\XMC1000_DFP\2.5.1\Device\XMClib\src\xmc1_scu.c 0x00000000   Number         0  xmc1_scu.o ABSOLUTE
    C:\Keil_v5\ARM\PACK\Infineon\XMC1000_DFP\2.5.1\Device\XMClib\src\xmc_acmp.c 0x00000000   Number         0  xmc_acmp.o ABSOLUTE
    C:\Keil_v5\ARM\PACK\Infineon\XMC1000_DFP\2.5.1\Device\XMClib\src\xmc_bccu.c 0x00000000   Number         0  xmc_bccu.o ABSOLUTE
    C:\Keil_v5\ARM\PACK\Infineon\XMC1000_DFP\2.5.1\Device\XMClib\src\xmc_can.c 0x00000000   Number         0  xmc_can.o ABSOLUTE
    C:\Keil_v5\ARM\PACK\Infineon\XMC1000_DFP\2.5.1\Device\XMClib\src\xmc_ccu4.c 0x00000000   Number         0  xmc_ccu4.o ABSOLUTE
    C:\Keil_v5\ARM\PACK\Infineon\XMC1000_DFP\2.5.1\Device\XMClib\src\xmc_ccu8.c 0x00000000   Number         0  xmc_ccu8.o ABSOLUTE
    C:\Keil_v5\ARM\PACK\Infineon\XMC1000_DFP\2.5.1\Device\XMClib\src\xmc_common.c 0x00000000   Number         0  xmc_common.o ABSOLUTE
    C:\Keil_v5\ARM\PACK\Infineon\XMC1000_DFP\2.5.1\Device\XMClib\src\xmc_eru.c 0x00000000   Number         0  xmc_eru.o ABSOLUTE
    C:\Keil_v5\ARM\PACK\Infineon\XMC1000_DFP\2.5.1\Device\XMClib\src\xmc_gpio.c 0x00000000   Number         0  xmc_gpio.o ABSOLUTE
    C:\Keil_v5\ARM\PACK\Infineon\XMC1000_DFP\2.5.1\Device\XMClib\src\xmc_i2c.c 0x00000000   Number         0  xmc_i2c.o ABSOLUTE
    C:\Keil_v5\ARM\PACK\Infineon\XMC1000_DFP\2.5.1\Device\XMClib\src\xmc_i2s.c 0x00000000   Number         0  xmc_i2s.o ABSOLUTE
    C:\Keil_v5\ARM\PACK\Infineon\XMC1000_DFP\2.5.1\Device\XMClib\src\xmc_ledts.c 0x00000000   Number         0  xmc_ledts.o ABSOLUTE
    C:\Keil_v5\ARM\PACK\Infineon\XMC1000_DFP\2.5.1\Device\XMClib\src\xmc_math.c 0x00000000   Number         0  xmc_math.o ABSOLUTE
    C:\Keil_v5\ARM\PACK\Infineon\XMC1000_DFP\2.5.1\Device\XMClib\src\xmc_pau.c 0x00000000   Number         0  xmc_pau.o ABSOLUTE
    C:\Keil_v5\ARM\PACK\Infineon\XMC1000_DFP\2.5.1\Device\XMClib\src\xmc_posif.c 0x00000000   Number         0  xmc_posif.o ABSOLUTE
    C:\Keil_v5\ARM\PACK\Infineon\XMC1000_DFP\2.5.1\Device\XMClib\src\xmc_prng.c 0x00000000   Number         0  xmc_prng.o ABSOLUTE
    C:\Keil_v5\ARM\PACK\Infineon\XMC1000_DFP\2.5.1\Device\XMClib\src\xmc_rtc.c 0x00000000   Number         0  xmc_rtc.o ABSOLUTE
    C:\Keil_v5\ARM\PACK\Infineon\XMC1000_DFP\2.5.1\Device\XMClib\src\xmc_spi.c 0x00000000   Number         0  xmc_spi.o ABSOLUTE
    C:\Keil_v5\ARM\PACK\Infineon\XMC1000_DFP\2.5.1\Device\XMClib\src\xmc_uart.c 0x00000000   Number         0  xmc_uart.o ABSOLUTE
    C:\Keil_v5\ARM\PACK\Infineon\XMC1000_DFP\2.5.1\Device\XMClib\src\xmc_usic.c 0x00000000   Number         0  xmc_usic.o ABSOLUTE
    C:\Keil_v5\ARM\PACK\Infineon\XMC1000_DFP\2.5.1\Device\XMClib\src\xmc_vadc.c 0x00000000   Number         0  xmc_vadc.o ABSOLUTE
    C:\Keil_v5\ARM\PACK\Infineon\XMC1000_DFP\2.5.1\Device\XMClib\src\xmc_wdt.c 0x00000000   Number         0  xmc_wdt.o ABSOLUTE
    C:\Users\kacpe\Dropbox\Year 2\semester2\embedded\myTimer\Dave\Generated\CLOCK_XMC1\clock_xmc1.c 0x00000000   Number         0  clock_xmc1.o ABSOLUTE
    C:\Users\kacpe\Dropbox\Year 2\semester2\embedded\myTimer\Dave\Generated\CLOCK_XMC1\clock_xmc1_conf.c 0x00000000   Number         0  clock_xmc1_conf.o ABSOLUTE
    C:\Users\kacpe\Dropbox\Year 2\semester2\embedded\myTimer\Dave\Generated\CPU_CTRL_XMC1\cpu_ctrl_xmc1.c 0x00000000   Number         0  cpu_ctrl_xmc1.o ABSOLUTE
    C:\Users\kacpe\Dropbox\Year 2\semester2\embedded\myTimer\Dave\Generated\CPU_CTRL_XMC1\cpu_ctrl_xmc1_conf.c 0x00000000   Number         0  cpu_ctrl_xmc1_conf.o ABSOLUTE
    C:\Users\kacpe\Dropbox\Year 2\semester2\embedded\myTimer\Dave\Generated\DAVE.c 0x00000000   Number         0  dave.o ABSOLUTE
    C:\Users\kacpe\Dropbox\Year 2\semester2\embedded\myTimer\Dave\Generated\DIGITAL_IO\digital_io.c 0x00000000   Number         0  digital_io.o ABSOLUTE
    C:\Users\kacpe\Dropbox\Year 2\semester2\embedded\myTimer\Dave\Generated\DIGITAL_IO\digital_io_conf.c 0x00000000   Number         0  digital_io_conf.o ABSOLUTE
    C:\Users\kacpe\Dropbox\Year 2\semester2\embedded\myTimer\Dave\Generated\GLOBAL_CCU4\global_ccu4.c 0x00000000   Number         0  global_ccu4.o ABSOLUTE
    C:\Users\kacpe\Dropbox\Year 2\semester2\embedded\myTimer\Dave\Generated\GLOBAL_CCU4\global_ccu4_conf.c 0x00000000   Number         0  global_ccu4_conf.o ABSOLUTE
    C:\Users\kacpe\Dropbox\Year 2\semester2\embedded\myTimer\Dave\Generated\INTERRUPT\interrupt.c 0x00000000   Number         0  interrupt.o ABSOLUTE
    C:\Users\kacpe\Dropbox\Year 2\semester2\embedded\myTimer\Dave\Generated\INTERRUPT\interrupt_conf.c 0x00000000   Number         0  interrupt_conf.o ABSOLUTE
    C:\Users\kacpe\Dropbox\Year 2\semester2\embedded\myTimer\Dave\Generated\TIMER\timer.c 0x00000000   Number         0  timer.o ABSOLUTE
    C:\Users\kacpe\Dropbox\Year 2\semester2\embedded\myTimer\Dave\Generated\TIMER\timer_conf.c 0x00000000   Number         0  timer_conf.o ABSOLUTE
    C:\\Keil_v5\\ARM\\PACK\\Infineon\\XMC1000_DFP\\2.5.1\\Device\\XMClib\\src\\xmc1_eru.c 0x00000000   Number         0  xmc1_eru.o ABSOLUTE
    C:\\Keil_v5\\ARM\\PACK\\Infineon\\XMC1000_DFP\\2.5.1\\Device\\XMClib\\src\\xmc1_flash.c 0x00000000   Number         0  xmc1_flash.o ABSOLUTE
    C:\\Keil_v5\\ARM\\PACK\\Infineon\\XMC1000_DFP\\2.5.1\\Device\\XMClib\\src\\xmc1_gpio.c 0x00000000   Number         0  xmc1_gpio.o ABSOLUTE
    C:\\Keil_v5\\ARM\\PACK\\Infineon\\XMC1000_DFP\\2.5.1\\Device\\XMClib\\src\\xmc1_rtc.c 0x00000000   Number         0  xmc1_rtc.o ABSOLUTE
    C:\\Keil_v5\\ARM\\PACK\\Infineon\\XMC1000_DFP\\2.5.1\\Device\\XMClib\\src\\xmc1_scu.c 0x00000000   Number         0  xmc1_scu.o ABSOLUTE
    C:\\Keil_v5\\ARM\\PACK\\Infineon\\XMC1000_DFP\\2.5.1\\Device\\XMClib\\src\\xmc_acmp.c 0x00000000   Number         0  xmc_acmp.o ABSOLUTE
    C:\\Keil_v5\\ARM\\PACK\\Infineon\\XMC1000_DFP\\2.5.1\\Device\\XMClib\\src\\xmc_bccu.c 0x00000000   Number         0  xmc_bccu.o ABSOLUTE
    C:\\Keil_v5\\ARM\\PACK\\Infineon\\XMC1000_DFP\\2.5.1\\Device\\XMClib\\src\\xmc_can.c 0x00000000   Number         0  xmc_can.o ABSOLUTE
    C:\\Keil_v5\\ARM\\PACK\\Infineon\\XMC1000_DFP\\2.5.1\\Device\\XMClib\\src\\xmc_ccu4.c 0x00000000   Number         0  xmc_ccu4.o ABSOLUTE
    C:\\Keil_v5\\ARM\\PACK\\Infineon\\XMC1000_DFP\\2.5.1\\Device\\XMClib\\src\\xmc_ccu8.c 0x00000000   Number         0  xmc_ccu8.o ABSOLUTE
    C:\\Keil_v5\\ARM\\PACK\\Infineon\\XMC1000_DFP\\2.5.1\\Device\\XMClib\\src\\xmc_common.c 0x00000000   Number         0  xmc_common.o ABSOLUTE
    C:\\Keil_v5\\ARM\\PACK\\Infineon\\XMC1000_DFP\\2.5.1\\Device\\XMClib\\src\\xmc_eru.c 0x00000000   Number         0  xmc_eru.o ABSOLUTE
    C:\\Keil_v5\\ARM\\PACK\\Infineon\\XMC1000_DFP\\2.5.1\\Device\\XMClib\\src\\xmc_gpio.c 0x00000000   Number         0  xmc_gpio.o ABSOLUTE
    C:\\Keil_v5\\ARM\\PACK\\Infineon\\XMC1000_DFP\\2.5.1\\Device\\XMClib\\src\\xmc_i2c.c 0x00000000   Number         0  xmc_i2c.o ABSOLUTE
    C:\\Keil_v5\\ARM\\PACK\\Infineon\\XMC1000_DFP\\2.5.1\\Device\\XMClib\\src\\xmc_i2s.c 0x00000000   Number         0  xmc_i2s.o ABSOLUTE
    C:\\Keil_v5\\ARM\\PACK\\Infineon\\XMC1000_DFP\\2.5.1\\Device\\XMClib\\src\\xmc_ledts.c 0x00000000   Number         0  xmc_ledts.o ABSOLUTE
    C:\\Keil_v5\\ARM\\PACK\\Infineon\\XMC1000_DFP\\2.5.1\\Device\\XMClib\\src\\xmc_math.c 0x00000000   Number         0  xmc_math.o ABSOLUTE
    C:\\Keil_v5\\ARM\\PACK\\Infineon\\XMC1000_DFP\\2.5.1\\Device\\XMClib\\src\\xmc_pau.c 0x00000000   Number         0  xmc_pau.o ABSOLUTE
    C:\\Keil_v5\\ARM\\PACK\\Infineon\\XMC1000_DFP\\2.5.1\\Device\\XMClib\\src\\xmc_posif.c 0x00000000   Number         0  xmc_posif.o ABSOLUTE
    C:\\Keil_v5\\ARM\\PACK\\Infineon\\XMC1000_DFP\\2.5.1\\Device\\XMClib\\src\\xmc_prng.c 0x00000000   Number         0  xmc_prng.o ABSOLUTE
    C:\\Keil_v5\\ARM\\PACK\\Infineon\\XMC1000_DFP\\2.5.1\\Device\\XMClib\\src\\xmc_rtc.c 0x00000000   Number         0  xmc_rtc.o ABSOLUTE
    C:\\Keil_v5\\ARM\\PACK\\Infineon\\XMC1000_DFP\\2.5.1\\Device\\XMClib\\src\\xmc_spi.c 0x00000000   Number         0  xmc_spi.o ABSOLUTE
    C:\\Keil_v5\\ARM\\PACK\\Infineon\\XMC1000_DFP\\2.5.1\\Device\\XMClib\\src\\xmc_uart.c 0x00000000   Number         0  xmc_uart.o ABSOLUTE
    C:\\Keil_v5\\ARM\\PACK\\Infineon\\XMC1000_DFP\\2.5.1\\Device\\XMClib\\src\\xmc_usic.c 0x00000000   Number         0  xmc_usic.o ABSOLUTE
    C:\\Keil_v5\\ARM\\PACK\\Infineon\\XMC1000_DFP\\2.5.1\\Device\\XMClib\\src\\xmc_vadc.c 0x00000000   Number         0  xmc_vadc.o ABSOLUTE
    C:\\Keil_v5\\ARM\\PACK\\Infineon\\XMC1000_DFP\\2.5.1\\Device\\XMClib\\src\\xmc_wdt.c 0x00000000   Number         0  xmc_wdt.o ABSOLUTE
    C:\\Users\\kacpe\\Dropbox\\Year 2\\semester2\\embedded\\myTimer\\Dave\\Generated\\CLOCK_XMC1\\clock_xmc1.c 0x00000000   Number         0  clock_xmc1.o ABSOLUTE
    C:\\Users\\kacpe\\Dropbox\\Year 2\\semester2\\embedded\\myTimer\\Dave\\Generated\\CLOCK_XMC1\\clock_xmc1_conf.c 0x00000000   Number         0  clock_xmc1_conf.o ABSOLUTE
    C:\\Users\\kacpe\\Dropbox\\Year 2\\semester2\\embedded\\myTimer\\Dave\\Generated\\CPU_CTRL_XMC1\\cpu_ctrl_xmc1.c 0x00000000   Number         0  cpu_ctrl_xmc1.o ABSOLUTE
    C:\\Users\\kacpe\\Dropbox\\Year 2\\semester2\\embedded\\myTimer\\Dave\\Generated\\CPU_CTRL_XMC1\\cpu_ctrl_xmc1_conf.c 0x00000000   Number         0  cpu_ctrl_xmc1_conf.o ABSOLUTE
    C:\\Users\\kacpe\\Dropbox\\Year 2\\semester2\\embedded\\myTimer\\Dave\\Generated\\DAVE.c 0x00000000   Number         0  dave.o ABSOLUTE
    C:\\Users\\kacpe\\Dropbox\\Year 2\\semester2\\embedded\\myTimer\\Dave\\Generated\\DIGITAL_IO\\digital_io.c 0x00000000   Number         0  digital_io.o ABSOLUTE
    C:\\Users\\kacpe\\Dropbox\\Year 2\\semester2\\embedded\\myTimer\\Dave\\Generated\\DIGITAL_IO\\digital_io_conf.c 0x00000000   Number         0  digital_io_conf.o ABSOLUTE
    C:\\Users\\kacpe\\Dropbox\\Year 2\\semester2\\embedded\\myTimer\\Dave\\Generated\\GLOBAL_CCU4\\global_ccu4.c 0x00000000   Number         0  global_ccu4.o ABSOLUTE
    C:\\Users\\kacpe\\Dropbox\\Year 2\\semester2\\embedded\\myTimer\\Dave\\Generated\\GLOBAL_CCU4\\global_ccu4_conf.c 0x00000000   Number         0  global_ccu4_conf.o ABSOLUTE
    C:\\Users\\kacpe\\Dropbox\\Year 2\\semester2\\embedded\\myTimer\\Dave\\Generated\\INTERRUPT\\interrupt.c 0x00000000   Number         0  interrupt.o ABSOLUTE
    C:\\Users\\kacpe\\Dropbox\\Year 2\\semester2\\embedded\\myTimer\\Dave\\Generated\\INTERRUPT\\interrupt_conf.c 0x00000000   Number         0  interrupt_conf.o ABSOLUTE
    C:\\Users\\kacpe\\Dropbox\\Year 2\\semester2\\embedded\\myTimer\\Dave\\Generated\\TIMER\\timer.c 0x00000000   Number         0  timer.o ABSOLUTE
    C:\\Users\\kacpe\\Dropbox\\Year 2\\semester2\\embedded\\myTimer\\Dave\\Generated\\TIMER\\timer_conf.c 0x00000000   Number         0  timer_conf.o ABSOLUTE
    RTE\Device\XMC1100-Q024x0064\system_XMC1100.c 0x00000000   Number         0  system_xmc1100.o ABSOLUTE
    RTE\\Device\\XMC1100-Q024x0064\\startup_XMC1100.s 0x00000000   Number         0  startup_xmc1100.o ABSOLUTE
    RTE\\Device\\XMC1100-Q024x0064\\system_XMC1100.c 0x00000000   Number         0  system_xmc1100.o ABSOLUTE
    dc.s                                     0x00000000   Number         0  dc.o ABSOLUTE
    main.c                                   0x00000000   Number         0  main.o ABSOLUTE
    main.c                                   0x00000000   Number         0  main.o ABSOLUTE
    RESET                                    0x10001000   Section       24  startup_xmc1100.o(RESET)
    !!!main                                  0x10001018   Section        8  __main.o(!!!main)
    !!!scatter                               0x10001020   Section       60  __scatter.o(!!!scatter)
    !!handler_copy                           0x1000105c   Section       26  __scatter_copy.o(!!handler_copy)
    !!handler_zi                             0x10001078   Section       28  __scatter_zi.o(!!handler_zi)
    .ARM.Collect$$libinit$$00000000          0x10001094   Section        2  libinit.o(.ARM.Collect$$libinit$$00000000)
    .ARM.Collect$$libinit$$00000002          0x10001096   Section        0  libinit2.o(.ARM.Collect$$libinit$$00000002)
    .ARM.Collect$$libinit$$00000004          0x10001096   Section        0  libinit2.o(.ARM.Collect$$libinit$$00000004)
    .ARM.Collect$$libinit$$0000000A          0x10001096   Section        0  libinit2.o(.ARM.Collect$$libinit$$0000000A)
    .ARM.Collect$$libinit$$0000000C          0x10001096   Section        0  libinit2.o(.ARM.Collect$$libinit$$0000000C)
    .ARM.Collect$$libinit$$0000000E          0x10001096   Section        0  libinit2.o(.ARM.Collect$$libinit$$0000000E)
    .ARM.Collect$$libinit$$00000011          0x10001096   Section        0  libinit2.o(.ARM.Collect$$libinit$$00000011)
    .ARM.Collect$$libinit$$00000013          0x10001096   Section        0  libinit2.o(.ARM.Collect$$libinit$$00000013)
    .ARM.Collect$$libinit$$00000015          0x10001096   Section        0  libinit2.o(.ARM.Collect$$libinit$$00000015)
    .ARM.Collect$$libinit$$00000017          0x10001096   Section        0  libinit2.o(.ARM.Collect$$libinit$$00000017)
    .ARM.Collect$$libinit$$00000019          0x10001096   Section        0  libinit2.o(.ARM.Collect$$libinit$$00000019)
    .ARM.Collect$$libinit$$0000001B          0x10001096   Section        0  libinit2.o(.ARM.Collect$$libinit$$0000001B)
    .ARM.Collect$$libinit$$0000001D          0x10001096   Section        0  libinit2.o(.ARM.Collect$$libinit$$0000001D)
    .ARM.Collect$$libinit$$0000001F          0x10001096   Section        0  libinit2.o(.ARM.Collect$$libinit$$0000001F)
    .ARM.Collect$$libinit$$00000021          0x10001096   Section        0  libinit2.o(.ARM.Collect$$libinit$$00000021)
    .ARM.Collect$$libinit$$00000023          0x10001096   Section        0  libinit2.o(.ARM.Collect$$libinit$$00000023)
    .ARM.Collect$$libinit$$00000025          0x10001096   Section        0  libinit2.o(.ARM.Collect$$libinit$$00000025)
    .ARM.Collect$$libinit$$0000002C          0x10001096   Section        0  libinit2.o(.ARM.Collect$$libinit$$0000002C)
    .ARM.Collect$$libinit$$0000002E          0x10001096   Section        0  libinit2.o(.ARM.Collect$$libinit$$0000002E)
    .ARM.Collect$$libinit$$00000030          0x10001096   Section        0  libinit2.o(.ARM.Collect$$libinit$$00000030)
    .ARM.Collect$$libinit$$00000032          0x10001096   Section        0  libinit2.o(.ARM.Collect$$libinit$$00000032)
    .ARM.Collect$$libinit$$00000033          0x10001096   Section        2  libinit2.o(.ARM.Collect$$libinit$$00000033)
    .ARM.Collect$$libshutdown$$00000000      0x10001098   Section        2  libshutdown.o(.ARM.Collect$$libshutdown$$00000000)
    .ARM.Collect$$libshutdown$$00000002      0x1000109a   Section        0  libshutdown2.o(.ARM.Collect$$libshutdown$$00000002)
    .ARM.Collect$$libshutdown$$00000004      0x1000109a   Section        0  libshutdown2.o(.ARM.Collect$$libshutdown$$00000004)
    .ARM.Collect$$libshutdown$$00000007      0x1000109a   Section        0  libshutdown2.o(.ARM.Collect$$libshutdown$$00000007)
    .ARM.Collect$$libshutdown$$0000000A      0x1000109a   Section        0  libshutdown2.o(.ARM.Collect$$libshutdown$$0000000A)
    .ARM.Collect$$libshutdown$$0000000C      0x1000109a   Section        0  libshutdown2.o(.ARM.Collect$$libshutdown$$0000000C)
    .ARM.Collect$$libshutdown$$0000000F      0x1000109a   Section        0  libshutdown2.o(.ARM.Collect$$libshutdown$$0000000F)
    .ARM.Collect$$libshutdown$$00000010      0x1000109a   Section        2  libshutdown2.o(.ARM.Collect$$libshutdown$$00000010)
    .ARM.Collect$$rtentry$$00000000          0x1000109c   Section        0  __rtentry.o(.ARM.Collect$$rtentry$$00000000)
    .ARM.Collect$$rtentry$$00000002          0x1000109c   Section        0  __rtentry2.o(.ARM.Collect$$rtentry$$00000002)
    .ARM.Collect$$rtentry$$00000004          0x1000109c   Section        6  __rtentry4.o(.ARM.Collect$$rtentry$$00000004)
    .ARM.Collect$$rtentry$$00000009          0x100010a2   Section        0  __rtentry2.o(.ARM.Collect$$rtentry$$00000009)
    .ARM.Collect$$rtentry$$0000000A          0x100010a2   Section        4  __rtentry2.o(.ARM.Collect$$rtentry$$0000000A)
    .ARM.Collect$$rtentry$$0000000C          0x100010a6   Section        0  __rtentry2.o(.ARM.Collect$$rtentry$$0000000C)
    .ARM.Collect$$rtentry$$0000000D          0x100010a6   Section        8  __rtentry2.o(.ARM.Collect$$rtentry$$0000000D)
    .ARM.Collect$$rtexit$$00000000           0x100010ae   Section        2  rtexit.o(.ARM.Collect$$rtexit$$00000000)
    .ARM.Collect$$rtexit$$00000002           0x100010b0   Section        0  rtexit2.o(.ARM.Collect$$rtexit$$00000002)
    .ARM.Collect$$rtexit$$00000003           0x100010b0   Section        4  rtexit2.o(.ARM.Collect$$rtexit$$00000003)
    .ARM.Collect$$rtexit$$00000004           0x100010b4   Section        6  rtexit2.o(.ARM.Collect$$rtexit$$00000004)
    .text                                    0x100010bc   Section       68  startup_xmc1100.o(.text)
    .text                                    0x10001100   Section      346  aeabi_sdiv.o(.text)
    .text                                    0x1000125a   Section        0  heapauxi.o(.text)
    .text                                    0x10001260   Section       62  sys_stackheap_outer.o(.text)
    .text                                    0x1000129e   Section        0  exit.o(.text)
    .text                                    0x100012b0   Section        8  libspace.o(.text)
    .text                                    0x100012b8   Section        0  sys_exit.o(.text)
    .text                                    0x100012c4   Section        2  use_no_semi.o(.text)
    .text                                    0x100012c6   Section        0  indicate_semi.o(.text)
    i.CCU40_0_IRQHandler                     0x100012c8   Section        0  main.o(i.CCU40_0_IRQHandler)
    i.CLOCK_XMC1_Init                        0x100012f0   Section        0  clock_xmc1.o(i.CLOCK_XMC1_Init)
    i.DAVE_Init                              0x10001318   Section        0  dave.o(i.DAVE_Init)
    i.DIGITAL_IO_Init                        0x1000135c   Section        0  digital_io.o(i.DIGITAL_IO_Init)
    i.GLOBAL_CCU4_Init                       0x10001378   Section        0  global_ccu4.o(i.GLOBAL_CCU4_Init)
    i.INTERRUPT_Init                         0x100013a0   Section        0  interrupt.o(i.INTERRUPT_Init)
    i.NVIC_SetPriority                       0x100013d8   Section        0  interrupt.o(i.NVIC_SetPriority)
    NVIC_SetPriority                         0x100013d9   Thumb Code   110  interrupt.o(i.NVIC_SetPriority)
    i.SystemCoreClockSetup                   0x10001450   Section        0  clock_xmc1_conf.o(i.SystemCoreClockSetup)
    i.SystemCoreClockUpdate                  0x10001468   Section        0  system_xmc1100.o(i.SystemCoreClockUpdate)
    i.SystemCoreSetup                        0x100014c8   Section        0  cpu_ctrl_xmc1_conf.o(i.SystemCoreSetup)
    i.SystemInit                             0x100014ca   Section        0  system_xmc1100.o(i.SystemInit)
    i.TIMER_CCU4_lInit                       0x100014d6   Section        0  timer.o(i.TIMER_CCU4_lInit)
    i.TIMER_CCU4_lShadowTransfer             0x1000154a   Section        0  timer.o(i.TIMER_CCU4_lShadowTransfer)
    i.TIMER_ClearEvent                       0x10001566   Section        0  timer.o(i.TIMER_ClearEvent)
    i.TIMER_Init                             0x10001588   Section        0  timer.o(i.TIMER_Init)
    i.XMC_CCU4_EnableModule                  0x100015ac   Section        0  xmc_ccu4.o(i.XMC_CCU4_EnableModule)
    i.XMC_CCU4_Init                          0x100015d0   Section        0  xmc_ccu4.o(i.XMC_CCU4_Init)
    i.XMC_CCU4_SLICE_ClearTimer              0x100015fe   Section        0  timer.o(i.XMC_CCU4_SLICE_ClearTimer)
    XMC_CCU4_SLICE_ClearTimer                0x100015ff   Thumb Code     6  timer.o(i.XMC_CCU4_SLICE_ClearTimer)
    i.XMC_CCU4_SLICE_CompareInit             0x10001604   Section        0  xmc_ccu4.o(i.XMC_CCU4_SLICE_CompareInit)
    i.XMC_CCU4_SLICE_SetInterruptNode        0x10001634   Section        0  xmc_ccu4.o(i.XMC_CCU4_SLICE_SetInterruptNode)
    i.XMC_CCU4_SLICE_StartTimer              0x1000168c   Section        0  timer.o(i.XMC_CCU4_SLICE_StartTimer)
    XMC_CCU4_SLICE_StartTimer                0x1000168d   Thumb Code     6  timer.o(i.XMC_CCU4_SLICE_StartTimer)
    i.XMC_GPIO_Init                          0x10001694   Section        0  xmc1_gpio.o(i.XMC_GPIO_Init)
    i.XMC_GPIO_SetHardwareControl            0x10001738   Section        0  xmc_gpio.o(i.XMC_GPIO_SetHardwareControl)
    i.XMC_SCU_CLOCK_Init                     0x10001754   Section        0  xmc1_scu.o(i.XMC_SCU_CLOCK_Init)
    i.XMC_SCU_CLOCK_ScaleMCLKFrequency       0x10001784   Section        0  xmc1_scu.o(i.XMC_SCU_CLOCK_ScaleMCLKFrequency)
    i.XMC_SCU_CLOCK_UngatePeripheralClock    0x10001810   Section        0  xmc1_scu.o(i.XMC_SCU_CLOCK_UngatePeripheralClock)
    i.XMC_SCU_CLOCK_lFrequencyDownScaling    0x1000183c   Section        0  xmc1_scu.o(i.XMC_SCU_CLOCK_lFrequencyDownScaling)
    XMC_SCU_CLOCK_lFrequencyDownScaling      0x1000183d   Thumb Code    54  xmc1_scu.o(i.XMC_SCU_CLOCK_lFrequencyDownScaling)
    i.XMC_SCU_CLOCK_lFrequencyUpScaling      0x10001880   Section        0  xmc1_scu.o(i.XMC_SCU_CLOCK_lFrequencyUpScaling)
    XMC_SCU_CLOCK_lFrequencyUpScaling        0x10001881   Thumb Code    48  xmc1_scu.o(i.XMC_SCU_CLOCK_lFrequencyUpScaling)
    i.XMC_SCU_LockProtectedBits              0x100018bc   Section        0  xmc1_scu.o(i.XMC_SCU_LockProtectedBits)
    i.XMC_SCU_UnlockProtectedBits            0x100018c8   Section        0  xmc1_scu.o(i.XMC_SCU_UnlockProtectedBits)
    i.__ARM_common_switch8                   0x100018e4   Section        0  xmc_ccu4.o(i.__ARM_common_switch8)
    i.main                                   0x10001900   Section        0  main.o(i.main)
    .constdata                               0x10001914   Section       12  clock_xmc1_conf.o(.constdata)
    .constdata                               0x10001920   Section       16  digital_io_conf.o(.constdata)
    .constdata                               0x10001930   Section        3  interrupt_conf.o(.constdata)
    .ARM.__at_0x20000000                     0x20000000   Section      384  startup_xmc1100.o(.ARM.__at_0x20000000)
    .data                                    0x20000180   Section        1  clock_xmc1_conf.o(.data)
    .data                                    0x20000184   Section       16  global_ccu4_conf.o(.data)
    .data                                    0x20000194   Section       48  timer_conf.o(.data)
    .data                                    0x200001c4   Section        8  system_xmc1100.o(.data)
    IDIV                                     0x200001c4   Data           4  system_xmc1100.o(.data)
    FDIV                                     0x200001c8   Data           4  system_xmc1100.o(.data)
    .bss                                     0x200001cc   Section       96  libspace.o(.bss)
    HEAP                                     0x20000230   Section      512  startup_xmc1100.o(HEAP)
    Heap_Mem                                 0x20000230   Data         512  startup_xmc1100.o(HEAP)
    STACK                                    0x20000430   Section     1024  startup_xmc1100.o(STACK)
    Stack_Mem                                0x20000430   Data        1024  startup_xmc1100.o(STACK)
    __initial_sp                             0x20000830   Data           0  startup_xmc1100.o(STACK)
    .ARM.__AT_0x20003FFC                     0x20003ffc   Section        4  system_xmc1100.o(.ARM.__AT_0x20003FFC)

    Global Symbols

    Symbol Name                              Value     Ov Type        Size  Object(Section)

    BuildAttributes$$THM_ISAv3M$S$PE$A:L22$X:L11$S22$IEEE1$IW$USESV6$~STKCKD$USESV7$~SHL$OSPACE$ROPI$EBA8$UX$STANDARDLIB$REQ8$PRES8$EABIv2 0x00000000   Number         0  anon$$obj.o ABSOLUTE
    __ARM_use_no_argv                        0x00000000   Number         0  main.o ABSOLUTE
    __ARM_exceptions_init                     - Undefined Weak Reference
    __alloca_initialize                       - Undefined Weak Reference
    __arm_preinit_                            - Undefined Weak Reference
    __cpp_initialize__aeabi_                  - Undefined Weak Reference
    __cxa_finalize                            - Undefined Weak Reference
    __rt_locale                               - Undefined Weak Reference
    __sigvec_lookup                           - Undefined Weak Reference
    _atexit_init                              - Undefined Weak Reference
    _call_atexit_fns                          - Undefined Weak Reference
    _clock_init                               - Undefined Weak Reference
    _fp_trap_init                             - Undefined Weak Reference
    _fp_trap_shutdown                         - Undefined Weak Reference
    _get_lc_collate                           - Undefined Weak Reference
    _get_lc_ctype                             - Undefined Weak Reference
    _get_lc_monetary                          - Undefined Weak Reference
    _get_lc_numeric                           - Undefined Weak Reference
    _get_lc_time                              - Undefined Weak Reference
    _getenv_init                              - Undefined Weak Reference
    _handle_redirection                       - Undefined Weak Reference
    _init_alloc                               - Undefined Weak Reference
    _init_user_alloc                          - Undefined Weak Reference
    _initio                                   - Undefined Weak Reference
    _rand_init                                - Undefined Weak Reference
    _signal_finish                            - Undefined Weak Reference
    _signal_init                              - Undefined Weak Reference
    _terminate_alloc                          - Undefined Weak Reference
    _terminate_user_alloc                     - Undefined Weak Reference
    _terminateio                              - Undefined Weak Reference
    __Vectors_Size                           0x00000018   Number         0  startup_xmc1100.o ABSOLUTE
    __Vectors                                0x10001000   Data           4  startup_xmc1100.o(RESET)
    __Vectors_End                            0x10001018   Data           0  startup_xmc1100.o(RESET)
    __main                                   0x10001019   Thumb Code     8  __main.o(!!!main)
    __scatterload                            0x10001021   Thumb Code     0  __scatter.o(!!!scatter)
    __scatterload_rt2                        0x10001021   Thumb Code    52  __scatter.o(!!!scatter)
    __scatterload_rt2_thumb_only             0x10001021   Thumb Code     0  __scatter.o(!!!scatter)
    __scatterload_null                       0x10001031   Thumb Code     0  __scatter.o(!!!scatter)
    __scatterload_copy                       0x1000105d   Thumb Code    26  __scatter_copy.o(!!handler_copy)
    __scatterload_zeroinit                   0x10001079   Thumb Code    28  __scatter_zi.o(!!handler_zi)
    __rt_lib_init                            0x10001095   Thumb Code     0  libinit.o(.ARM.Collect$$libinit$$00000000)
    __rt_lib_init_alloca_1                   0x10001097   Thumb Code     0  libinit2.o(.ARM.Collect$$libinit$$0000002E)
    __rt_lib_init_argv_1                     0x10001097   Thumb Code     0  libinit2.o(.ARM.Collect$$libinit$$0000002C)
    __rt_lib_init_atexit_1                   0x10001097   Thumb Code     0  libinit2.o(.ARM.Collect$$libinit$$0000001B)
    __rt_lib_init_clock_1                    0x10001097   Thumb Code     0  libinit2.o(.ARM.Collect$$libinit$$00000021)
    __rt_lib_init_cpp_1                      0x10001097   Thumb Code     0  libinit2.o(.ARM.Collect$$libinit$$00000032)
    __rt_lib_init_exceptions_1               0x10001097   Thumb Code     0  libinit2.o(.ARM.Collect$$libinit$$00000030)
    __rt_lib_init_fp_1                       0x10001097   Thumb Code     0  libinit2.o(.ARM.Collect$$libinit$$00000002)
    __rt_lib_init_fp_trap_1                  0x10001097   Thumb Code     0  libinit2.o(.ARM.Collect$$libinit$$0000001F)
    __rt_lib_init_getenv_1                   0x10001097   Thumb Code     0  libinit2.o(.ARM.Collect$$libinit$$00000023)
    __rt_lib_init_heap_1                     0x10001097   Thumb Code     0  libinit2.o(.ARM.Collect$$libinit$$0000000A)
    __rt_lib_init_lc_collate_1               0x10001097   Thumb Code     0  libinit2.o(.ARM.Collect$$libinit$$00000011)
    __rt_lib_init_lc_ctype_1                 0x10001097   Thumb Code     0  libinit2.o(.ARM.Collect$$libinit$$00000013)
    __rt_lib_init_lc_monetary_1              0x10001097   Thumb Code     0  libinit2.o(.ARM.Collect$$libinit$$00000015)
    __rt_lib_init_lc_numeric_1               0x10001097   Thumb Code     0  libinit2.o(.ARM.Collect$$libinit$$00000017)
    __rt_lib_init_lc_time_1                  0x10001097   Thumb Code     0  libinit2.o(.ARM.Collect$$libinit$$00000019)
    __rt_lib_init_preinit_1                  0x10001097   Thumb Code     0  libinit2.o(.ARM.Collect$$libinit$$00000004)
    __rt_lib_init_rand_1                     0x10001097   Thumb Code     0  libinit2.o(.ARM.Collect$$libinit$$0000000E)
    __rt_lib_init_return                     0x10001097   Thumb Code     0  libinit2.o(.ARM.Collect$$libinit$$00000033)
    __rt_lib_init_signal_1                   0x10001097   Thumb Code     0  libinit2.o(.ARM.Collect$$libinit$$0000001D)
    __rt_lib_init_stdio_1                    0x10001097   Thumb Code     0  libinit2.o(.ARM.Collect$$libinit$$00000025)
    __rt_lib_init_user_alloc_1               0x10001097   Thumb Code     0  libinit2.o(.ARM.Collect$$libinit$$0000000C)
    __rt_lib_shutdown                        0x10001099   Thumb Code     0  libshutdown.o(.ARM.Collect$$libshutdown$$00000000)
    __rt_lib_shutdown_cpp_1                  0x1000109b   Thumb Code     0  libshutdown2.o(.ARM.Collect$$libshutdown$$00000002)
    __rt_lib_shutdown_fp_trap_1              0x1000109b   Thumb Code     0  libshutdown2.o(.ARM.Collect$$libshutdown$$00000007)
    __rt_lib_shutdown_heap_1                 0x1000109b   Thumb Code     0  libshutdown2.o(.ARM.Collect$$libshutdown$$0000000F)
    __rt_lib_shutdown_return                 0x1000109b   Thumb Code     0  libshutdown2.o(.ARM.Collect$$libshutdown$$00000010)
    __rt_lib_shutdown_signal_1               0x1000109b   Thumb Code     0  libshutdown2.o(.ARM.Collect$$libshutdown$$0000000A)
    __rt_lib_shutdown_stdio_1                0x1000109b   Thumb Code     0  libshutdown2.o(.ARM.Collect$$libshutdown$$00000004)
    __rt_lib_shutdown_user_alloc_1           0x1000109b   Thumb Code     0  libshutdown2.o(.ARM.Collect$$libshutdown$$0000000C)
    __rt_entry                               0x1000109d   Thumb Code     0  __rtentry.o(.ARM.Collect$$rtentry$$00000000)
    __rt_entry_presh_1                       0x1000109d   Thumb Code     0  __rtentry2.o(.ARM.Collect$$rtentry$$00000002)
    __rt_entry_sh                            0x1000109d   Thumb Code     0  __rtentry4.o(.ARM.Collect$$rtentry$$00000004)
    __rt_entry_li                            0x100010a3   Thumb Code     0  __rtentry2.o(.ARM.Collect$$rtentry$$0000000A)
    __rt_entry_postsh_1                      0x100010a3   Thumb Code     0  __rtentry2.o(.ARM.Collect$$rtentry$$00000009)
    __rt_entry_main                          0x100010a7   Thumb Code     0  __rtentry2.o(.ARM.Collect$$rtentry$$0000000D)
    __rt_entry_postli_1                      0x100010a7   Thumb Code     0  __rtentry2.o(.ARM.Collect$$rtentry$$0000000C)
    __rt_exit                                0x100010af   Thumb Code     0  rtexit.o(.ARM.Collect$$rtexit$$00000000)
    __rt_exit_ls                             0x100010b1   Thumb Code     0  rtexit2.o(.ARM.Collect$$rtexit$$00000003)
    __rt_exit_prels_1                        0x100010b1   Thumb Code     0  rtexit2.o(.ARM.Collect$$rtexit$$00000002)
    __rt_exit_exit                           0x100010b5   Thumb Code     0  rtexit2.o(.ARM.Collect$$rtexit$$00000004)
    Reset_Handler                            0x100010bd   Thumb Code    22  startup_xmc1100.o(.text)
    CCU40_1_IRQHandler                       0x100010d3   Thumb Code     0  startup_xmc1100.o(.text)
    CCU40_2_IRQHandler                       0x100010d3   Thumb Code     0  startup_xmc1100.o(.text)
    CCU40_3_IRQHandler                       0x100010d3   Thumb Code     0  startup_xmc1100.o(.text)
    ERU0_0_IRQHandler                        0x100010d3   Thumb Code     0  startup_xmc1100.o(.text)
    ERU0_1_IRQHandler                        0x100010d3   Thumb Code     0  startup_xmc1100.o(.text)
    ERU0_2_IRQHandler                        0x100010d3   Thumb Code     0  startup_xmc1100.o(.text)
    ERU0_3_IRQHandler                        0x100010d3   Thumb Code     0  startup_xmc1100.o(.text)
    HardFault_Handler                        0x100010d3   Thumb Code     0  startup_xmc1100.o(.text)
    PendSV_Handler                           0x100010d3   Thumb Code     0  startup_xmc1100.o(.text)
    SCU_0_IRQHandler                         0x100010d3   Thumb Code     0  startup_xmc1100.o(.text)
    SCU_1_IRQHandler                         0x100010d3   Thumb Code     0  startup_xmc1100.o(.text)
    SCU_2_IRQHandler                         0x100010d3   Thumb Code     0  startup_xmc1100.o(.text)
    SVC_Handler                              0x100010d3   Thumb Code     0  startup_xmc1100.o(.text)
    SysTick_Handler                          0x100010d3   Thumb Code     0  startup_xmc1100.o(.text)
    USIC0_0_IRQHandler                       0x100010d3   Thumb Code     0  startup_xmc1100.o(.text)
    USIC0_1_IRQHandler                       0x100010d3   Thumb Code     0  startup_xmc1100.o(.text)
    USIC0_2_IRQHandler                       0x100010d3   Thumb Code     0  startup_xmc1100.o(.text)
    USIC0_3_IRQHandler                       0x100010d3   Thumb Code     0  startup_xmc1100.o(.text)
    USIC0_4_IRQHandler                       0x100010d3   Thumb Code     0  startup_xmc1100.o(.text)
    USIC0_5_IRQHandler                       0x100010d3   Thumb Code     0  startup_xmc1100.o(.text)
    VADC0_C0_0_IRQHandler                    0x100010d3   Thumb Code     0  startup_xmc1100.o(.text)
    VADC0_C0_1_IRQHandler                    0x100010d3   Thumb Code     0  startup_xmc1100.o(.text)
    __user_initial_stackheap                 0x100010d5   Thumb Code    10  startup_xmc1100.o(.text)
    __aeabi_uidiv                            0x10001101   Thumb Code     0  aeabi_sdiv.o(.text)
    __aeabi_uidivmod                         0x10001101   Thumb Code    20  aeabi_sdiv.o(.text)
    __aeabi_idiv                             0x10001115   Thumb Code     0  aeabi_sdiv.o(.text)
    __aeabi_idivmod                          0x10001115   Thumb Code   326  aeabi_sdiv.o(.text)
    __use_two_region_memory                  0x1000125b   Thumb Code     2  heapauxi.o(.text)
    __rt_heap_escrow$2region                 0x1000125d   Thumb Code     2  heapauxi.o(.text)
    __rt_heap_expand$2region                 0x1000125f   Thumb Code     2  heapauxi.o(.text)
    __user_setup_stackheap                   0x10001261   Thumb Code    62  sys_stackheap_outer.o(.text)
    exit                                     0x1000129f   Thumb Code    16  exit.o(.text)
    __user_libspace                          0x100012b1   Thumb Code     8  libspace.o(.text)
    __user_perproc_libspace                  0x100012b1   Thumb Code     0  libspace.o(.text)
    __user_perthread_libspace                0x100012b1   Thumb Code     0  libspace.o(.text)
    _sys_exit                                0x100012b9   Thumb Code     8  sys_exit.o(.text)
    __I$use$semihosting                      0x100012c5   Thumb Code     0  use_no_semi.o(.text)
    __use_no_semihosting_swi                 0x100012c5   Thumb Code     2  use_no_semi.o(.text)
    __semihosting_library_function           0x100012c7   Thumb Code     0  indicate_semi.o(.text)
    CCU40_0_IRQHandler                       0x100012c9   Thumb Code    28  main.o(i.CCU40_0_IRQHandler)
    CLOCK_XMC1_Init                          0x100012f1   Thumb Code    40  clock_xmc1.o(i.CLOCK_XMC1_Init)
    DAVE_Init                                0x10001319   Thumb Code    52  dave.o(i.DAVE_Init)
    DIGITAL_IO_Init                          0x1000135d   Thumb Code    28  digital_io.o(i.DIGITAL_IO_Init)
    GLOBAL_CCU4_Init                         0x10001379   Thumb Code    40  global_ccu4.o(i.GLOBAL_CCU4_Init)
    INTERRUPT_Init                           0x100013a1   Thumb Code    52  interrupt.o(i.INTERRUPT_Init)
    SystemCoreClockSetup                     0x10001451   Thumb Code    18  clock_xmc1_conf.o(i.SystemCoreClockSetup)
    SystemCoreClockUpdate                    0x10001469   Thumb Code    70  system_xmc1100.o(i.SystemCoreClockUpdate)
    SystemCoreSetup                          0x100014c9   Thumb Code     2  cpu_ctrl_xmc1_conf.o(i.SystemCoreSetup)
    SystemInit                               0x100014cb   Thumb Code    12  system_xmc1100.o(i.SystemInit)
    TIMER_CCU4_lInit                         0x100014d7   Thumb Code   116  timer.o(i.TIMER_CCU4_lInit)
    TIMER_CCU4_lShadowTransfer               0x1000154b   Thumb Code    28  timer.o(i.TIMER_CCU4_lShadowTransfer)
    TIMER_ClearEvent                         0x10001567   Thumb Code    34  timer.o(i.TIMER_ClearEvent)
    TIMER_Init                               0x10001589   Thumb Code    34  timer.o(i.TIMER_Init)
    XMC_CCU4_EnableModule                    0x100015ad   Thumb Code    30  xmc_ccu4.o(i.XMC_CCU4_EnableModule)
    XMC_CCU4_Init                            0x100015d1   Thumb Code    46  xmc_ccu4.o(i.XMC_CCU4_Init)
    XMC_CCU4_SLICE_CompareInit               0x10001605   Thumb Code    48  xmc_ccu4.o(i.XMC_CCU4_SLICE_CompareInit)
    XMC_CCU4_SLICE_SetInterruptNode          0x10001635   Thumb Code    88  xmc_ccu4.o(i.XMC_CCU4_SLICE_SetInterruptNode)
    XMC_GPIO_Init                            0x10001695   Thumb Code   158  xmc1_gpio.o(i.XMC_GPIO_Init)
    XMC_GPIO_SetHardwareControl              0x10001739   Thumb Code    28  xmc_gpio.o(i.XMC_GPIO_SetHardwareControl)
    XMC_SCU_CLOCK_Init                       0x10001755   Thumb Code    44  xmc1_scu.o(i.XMC_SCU_CLOCK_Init)
    XMC_SCU_CLOCK_ScaleMCLKFrequency         0x10001785   Thumb Code   124  xmc1_scu.o(i.XMC_SCU_CLOCK_ScaleMCLKFrequency)
    XMC_SCU_CLOCK_UngatePeripheralClock      0x10001811   Thumb Code    40  xmc1_scu.o(i.XMC_SCU_CLOCK_UngatePeripheralClock)
    XMC_SCU_LockProtectedBits                0x100018bd   Thumb Code     8  xmc1_scu.o(i.XMC_SCU_LockProtectedBits)
    XMC_SCU_UnlockProtectedBits              0x100018c9   Thumb Code    22  xmc1_scu.o(i.XMC_SCU_UnlockProtectedBits)
    __ARM_common_switch8                     0x100018e5   Thumb Code    28  xmc_ccu4.o(i.__ARM_common_switch8)
    main                                     0x10001901   Thumb Code    18  main.o(i.main)
    DIGITAL_IO_0                             0x10001920   Data          16  digital_io_conf.o(.constdata)
    INTERRUPT_0                              0x10001930   Data           3  interrupt_conf.o(.constdata)
    Region$$Table$$Base                      0x10001934   Number         0  anon$$obj.o(Region$$Table)
    Region$$Table$$Limit                     0x10001954   Number         0  anon$$obj.o(Region$$Table)
    CLOCK_XMC1_0                             0x20000180   Data           1  clock_xmc1_conf.o(.data)
    GLOBAL_CCU4_0                            0x20000184   Data          16  global_ccu4_conf.o(.data)
    TIMER_0_config                           0x20000194   Data           8  timer_conf.o(.data)
    TIMER_0                                  0x2000019c   Data          40  timer_conf.o(.data)
    __libspace_start                         0x200001cc   Data          96  libspace.o(.bss)
    __temporary_stack_top$libspace           0x2000022c   Data           0  libspace.o(.bss)
    SystemCoreClock                          0x20003ffc   Data           4  system_xmc1100.o(.ARM.__AT_0x20003FFC)



==============================================================================

Memory Map of the image

  Image Entry point : 0x100010bd

  Load Region LR_1 (Base: 0x10001000, Size: 0x00000b20, Max: 0xffffffff, ABSOLUTE)

    Execution Region ER_RO (Base: 0x10001000, Size: 0x00000954, Max: 0xffffffff, ABSOLUTE)

    Base Addr    Size         Type   Attr      Idx    E Section Name        Object

    0x10001000   0x00000018   Data   RO         2365    RESET               startup_xmc1100.o
    0x10001018   0x00000008   Code   RO         2432  * !!!main             c_p.l(__main.o)
    0x10001020   0x0000003c   Code   RO         2605    !!!scatter          c_p.l(__scatter.o)
    0x1000105c   0x0000001a   Code   RO         2607    !!handler_copy      c_p.l(__scatter_copy.o)
    0x10001076   0x00000002   PAD
    0x10001078   0x0000001c   Code   RO         2609    !!handler_zi        c_p.l(__scatter_zi.o)
    0x10001094   0x00000002   Code   RO         2474    .ARM.Collect$$libinit$$00000000  c_p.l(libinit.o)
    0x10001096   0x00000000   Code   RO         2488    .ARM.Collect$$libinit$$00000002  c_p.l(libinit2.o)
    0x10001096   0x00000000   Code   RO         2490    .ARM.Collect$$libinit$$00000004  c_p.l(libinit2.o)
    0x10001096   0x00000000   Code   RO         2493    .ARM.Collect$$libinit$$0000000A  c_p.l(libinit2.o)
    0x10001096   0x00000000   Code   RO         2495    .ARM.Collect$$libinit$$0000000C  c_p.l(libinit2.o)
    0x10001096   0x00000000   Code   RO         2497    .ARM.Collect$$libinit$$0000000E  c_p.l(libinit2.o)
    0x10001096   0x00000000   Code   RO         2500    .ARM.Collect$$libinit$$00000011  c_p.l(libinit2.o)
    0x10001096   0x00000000   Code   RO         2502    .ARM.Collect$$libinit$$00000013  c_p.l(libinit2.o)
    0x10001096   0x00000000   Code   RO         2504    .ARM.Collect$$libinit$$00000015  c_p.l(libinit2.o)
    0x10001096   0x00000000   Code   RO         2506    .ARM.Collect$$libinit$$00000017  c_p.l(libinit2.o)
    0x10001096   0x00000000   Code   RO         2508    .ARM.Collect$$libinit$$00000019  c_p.l(libinit2.o)
    0x10001096   0x00000000   Code   RO         2510    .ARM.Collect$$libinit$$0000001B  c_p.l(libinit2.o)
    0x10001096   0x00000000   Code   RO         2512    .ARM.Collect$$libinit$$0000001D  c_p.l(libinit2.o)
    0x10001096   0x00000000   Code   RO         2514    .ARM.Collect$$libinit$$0000001F  c_p.l(libinit2.o)
    0x10001096   0x00000000   Code   RO         2516    .ARM.Collect$$libinit$$00000021  c_p.l(libinit2.o)
    0x10001096   0x00000000   Code   RO         2518    .ARM.Collect$$libinit$$00000023  c_p.l(libinit2.o)
    0x10001096   0x00000000   Code   RO         2520    .ARM.Collect$$libinit$$00000025  c_p.l(libinit2.o)
    0x10001096   0x00000000   Code   RO         2524    .ARM.Collect$$libinit$$0000002C  c_p.l(libinit2.o)
    0x10001096   0x00000000   Code   RO         2526    .ARM.Collect$$libinit$$0000002E  c_p.l(libinit2.o)
    0x10001096   0x00000000   Code   RO         2528    .ARM.Collect$$libinit$$00000030  c_p.l(libinit2.o)
    0x10001096   0x00000000   Code   RO         2530    .ARM.Collect$$libinit$$00000032  c_p.l(libinit2.o)
    0x10001096   0x00000002   Code   RO         2531    .ARM.Collect$$libinit$$00000033  c_p.l(libinit2.o)
    0x10001098   0x00000002   Code   RO         2562    .ARM.Collect$$libshutdown$$00000000  c_p.l(libshutdown.o)
    0x1000109a   0x00000000   Code   RO         2588    .ARM.Collect$$libshutdown$$00000002  c_p.l(libshutdown2.o)
    0x1000109a   0x00000000   Code   RO         2590    .ARM.Collect$$libshutdown$$00000004  c_p.l(libshutdown2.o)
    0x1000109a   0x00000000   Code   RO         2593    .ARM.Collect$$libshutdown$$00000007  c_p.l(libshutdown2.o)
    0x1000109a   0x00000000   Code   RO         2596    .ARM.Collect$$libshutdown$$0000000A  c_p.l(libshutdown2.o)
    0x1000109a   0x00000000   Code   RO         2598    .ARM.Collect$$libshutdown$$0000000C  c_p.l(libshutdown2.o)
    0x1000109a   0x00000000   Code   RO         2601    .ARM.Collect$$libshutdown$$0000000F  c_p.l(libshutdown2.o)
    0x1000109a   0x00000002   Code   RO         2602    .ARM.Collect$$libshutdown$$00000010  c_p.l(libshutdown2.o)
    0x1000109c   0x00000000   Code   RO         2434    .ARM.Collect$$rtentry$$00000000  c_p.l(__rtentry.o)
    0x1000109c   0x00000000   Code   RO         2444    .ARM.Collect$$rtentry$$00000002  c_p.l(__rtentry2.o)
    0x1000109c   0x00000006   Code   RO         2456    .ARM.Collect$$rtentry$$00000004  c_p.l(__rtentry4.o)
    0x100010a2   0x00000000   Code   RO         2446    .ARM.Collect$$rtentry$$00000009  c_p.l(__rtentry2.o)
    0x100010a2   0x00000004   Code   RO         2447    .ARM.Collect$$rtentry$$0000000A  c_p.l(__rtentry2.o)
    0x100010a6   0x00000000   Code   RO         2449    .ARM.Collect$$rtentry$$0000000C  c_p.l(__rtentry2.o)
    0x100010a6   0x00000008   Code   RO         2450    .ARM.Collect$$rtentry$$0000000D  c_p.l(__rtentry2.o)
    0x100010ae   0x00000002   Code   RO         2479    .ARM.Collect$$rtexit$$00000000  c_p.l(rtexit.o)
    0x100010b0   0x00000000   Code   RO         2535    .ARM.Collect$$rtexit$$00000002  c_p.l(rtexit2.o)
    0x100010b0   0x00000004   Code   RO         2536    .ARM.Collect$$rtexit$$00000003  c_p.l(rtexit2.o)
    0x100010b4   0x00000006   Code   RO         2537    .ARM.Collect$$rtexit$$00000004  c_p.l(rtexit2.o)
    0x100010ba   0x00000002   PAD
    0x100010bc   0x00000044   Code   RO         2366  * .text               startup_xmc1100.o
    0x10001100   0x0000015a   Code   RO         2426    .text               c_p.l(aeabi_sdiv.o)
    0x1000125a   0x00000006   Code   RO         2430    .text               c_p.l(heapauxi.o)
    0x10001260   0x0000003e   Code   RO         2460    .text               c_p.l(sys_stackheap_outer.o)
    0x1000129e   0x00000010   Code   RO         2463    .text               c_p.l(exit.o)
    0x100012ae   0x00000002   PAD
    0x100012b0   0x00000008   Code   RO         2475    .text               c_p.l(libspace.o)
    0x100012b8   0x0000000c   Code   RO         2532    .text               c_p.l(sys_exit.o)
    0x100012c4   0x00000002   Code   RO         2551    .text               c_p.l(use_no_semi.o)
    0x100012c6   0x00000000   Code   RO         2553    .text               c_p.l(indicate_semi.o)
    0x100012c6   0x00000002   PAD
    0x100012c8   0x00000028   Code   RO            3    i.CCU40_0_IRQHandler  main.o
    0x100012f0   0x00000028   Code   RO          154    i.CLOCK_XMC1_Init   clock_xmc1.o
    0x10001318   0x00000044   Code   RO          284    i.DAVE_Init         dave.o
    0x1000135c   0x0000001c   Code   RO          318    i.DIGITAL_IO_Init   digital_io.o
    0x10001378   0x00000028   Code   RO          374    i.GLOBAL_CCU4_Init  global_ccu4.o
    0x100013a0   0x00000038   Code   RO          436    i.INTERRUPT_Init    interrupt.o
    0x100013d8   0x00000078   Code   RO          437    i.NVIC_SetPriority  interrupt.o
    0x10001450   0x00000018   Code   RO          195    i.SystemCoreClockSetup  clock_xmc1_conf.o
    0x10001468   0x00000060   Code   RO         2376    i.SystemCoreClockUpdate  system_xmc1100.o
    0x100014c8   0x00000002   Code   RO          258    i.SystemCoreSetup   cpu_ctrl_xmc1_conf.o
    0x100014ca   0x0000000c   Code   RO         2378    i.SystemInit        system_xmc1100.o
    0x100014d6   0x00000074   Code   RO          502    i.TIMER_CCU4_lInit  timer.o
    0x1000154a   0x0000001c   Code   RO          503    i.TIMER_CCU4_lShadowTransfer  timer.o
    0x10001566   0x00000022   Code   RO          505    i.TIMER_ClearEvent  timer.o
    0x10001588   0x00000022   Code   RO          510    i.TIMER_Init        timer.o
    0x100015aa   0x00000002   PAD
    0x100015ac   0x00000024   Code   RO         1139    i.XMC_CCU4_EnableModule  xmc_ccu4.o
    0x100015d0   0x0000002e   Code   RO         1140    i.XMC_CCU4_Init     xmc_ccu4.o
    0x100015fe   0x00000006   Code   RO          514    i.XMC_CCU4_SLICE_ClearTimer  timer.o
    0x10001604   0x00000030   Code   RO         1144    i.XMC_CCU4_SLICE_CompareInit  xmc_ccu4.o
    0x10001634   0x00000058   Code   RO         1157    i.XMC_CCU4_SLICE_SetInterruptNode  xmc_ccu4.o
    0x1000168c   0x00000006   Code   RO          515    i.XMC_CCU4_SLICE_StartTimer  timer.o
    0x10001692   0x00000002   PAD
    0x10001694   0x000000a4   Code   RO          775    i.XMC_GPIO_Init     xmc1_gpio.o
    0x10001738   0x0000001c   Code   RO         1523    i.XMC_GPIO_SetHardwareControl  xmc_gpio.o
    0x10001754   0x00000030   Code   RO          879    i.XMC_SCU_CLOCK_Init  xmc1_scu.o
    0x10001784   0x0000008c   Code   RO          881    i.XMC_SCU_CLOCK_ScaleMCLKFrequency  xmc1_scu.o
    0x10001810   0x0000002c   Code   RO          885    i.XMC_SCU_CLOCK_UngatePeripheralClock  xmc1_scu.o
    0x1000183c   0x00000044   Code   RO          886    i.XMC_SCU_CLOCK_lFrequencyDownScaling  xmc1_scu.o
    0x10001880   0x0000003c   Code   RO          887    i.XMC_SCU_CLOCK_lFrequencyUpScaling  xmc1_scu.o
    0x100018bc   0x0000000c   Code   RO          899    i.XMC_SCU_LockProtectedBits  xmc1_scu.o
    0x100018c8   0x0000001c   Code   RO          907    i.XMC_SCU_UnlockProtectedBits  xmc1_scu.o
    0x100018e4   0x0000001c   Code   RO         1327    i.__ARM_common_switch8  xmc_ccu4.o
    0x10001900   0x00000012   Code   RO            4    i.main              main.o
    0x10001912   0x00000002   PAD
    0x10001914   0x0000000c   Data   RO          196    .constdata          clock_xmc1_conf.o
    0x10001920   0x00000010   Data   RO          353    .constdata          digital_io_conf.o
    0x10001930   0x00000003   Data   RO          479    .constdata          interrupt_conf.o
    0x10001933   0x00000001   PAD
    0x10001934   0x00000020   Data   RO         2603    Region$$Table       anon$$obj.o


    Execution Region ER_RW (Base: 0x20000000, Size: 0x000001cc, Max: 0xffffffff, ABSOLUTE)

    Base Addr    Size         Type   Attr      Idx    E Section Name        Object

    0x20000000   0x00000180   Code   RW         2367    .ARM.__at_0x20000000  startup_xmc1100.o
    0x20000180   0x00000001   Data   RW          197    .data               clock_xmc1_conf.o
    0x20000181   0x00000003   PAD
    0x20000184   0x00000010   Data   RW          412    .data               global_ccu4_conf.o
    0x20000194   0x00000030   Data   RW          620    .data               timer_conf.o
    0x200001c4   0x00000008   Data   RW         2380    .data               system_xmc1100.o


    Execution Region ER_ZI (Base: 0x200001cc, Size: 0x00000664, Max: 0xffffffff, ABSOLUTE)

    Base Addr    Size         Type   Attr      Idx    E Section Name        Object

    0x200001cc   0x00000060   Zero   RW         2476    .bss                c_p.l(libspace.o)
    0x2000022c   0x00000004   PAD
    0x20000230   0x00000200   Zero   RW         2364    HEAP                startup_xmc1100.o
    0x20000430   0x00000400   Zero   RW         2363    STACK               startup_xmc1100.o



  Load Region LR$$.ARM.__AT_0x20003FFC (Base: 0x20003ffc, Size: 0x00000000, Max: 0x00000004, ABSOLUTE)

    Execution Region ER$$.ARM.__AT_0x20003FFC (Base: 0x20003ffc, Size: 0x00000004, Max: 0x00000004, ABSOLUTE, UNINIT)

    Base Addr    Size         Type   Attr      Idx    E Section Name        Object

    0x20003ffc   0x00000004   Zero   RW         2379    .ARM.__AT_0x20003FFC  system_xmc1100.o


==============================================================================

Image component sizes


      Code (inc. data)   RO Data    RW Data    ZI Data      Debug   Object Name

        40          0          0          0          0       2002   clock_xmc1.o
        24          6         12          1          0       1290   clock_xmc1_conf.o
         2          0          0          0          0        522   cpu_ctrl_xmc1_conf.o
        68         16          0          0          0       4988   dave.o
        28          0          0          0          0       1666   digital_io.o
         0          0         16          0          0        703   digital_io_conf.o
        40          0          0          0          0      13423   global_ccu4.o
         0          0          0         16          0       1300   global_ccu4_conf.o
       176         14          0          0          0       8809   interrupt.o
         0          0          3          0          0       1742   interrupt_conf.o
        58         12          0          0          0     134104   main.o
       452        226         24          0       1536        864   startup_xmc1100.o
       108         26          0          8          4       1287   system_xmc1100.o
       224          0          0          0          0      18056   timer.o
         0          0          0         48          0       1393   timer_conf.o
       164          6          0          0          0       1148   xmc1_gpio.o
       400         60          0          0          0       5316   xmc1_scu.o
       246         18          0          0          0      16739   xmc_ccu4.o
        28          0          0          0          0       1066   xmc_gpio.o

    ----------------------------------------------------------------------
      2064        384         88         76       1540     216418   Object Totals
         0          0         32          0          0          0   (incl. Generated)
         6          0          1          3          0          0   (incl. Padding)

    ----------------------------------------------------------------------

      Code (inc. data)   RO Data    RW Data    ZI Data      Debug   Library Member Name

         8          0          0          0          0         68   __main.o
         0          0          0          0          0          0   __rtentry.o
        12          0          0          0          0          0   __rtentry2.o
         6          0          0          0          0          0   __rtentry4.o
        60          8          0          0          0          0   __scatter.o
        26          0          0          0          0          0   __scatter_copy.o
        28          0          0          0          0          0   __scatter_zi.o
       346          0          0          0          0         92   aeabi_sdiv.o
        16          0          0          0          0         68   exit.o
         6          0          0          0          0        136   heapauxi.o
         0          0          0          0          0          0   indicate_semi.o
         2          0          0          0          0          0   libinit.o
         2          0          0          0          0          0   libinit2.o
         2          0          0          0          0          0   libshutdown.o
         2          0          0          0          0          0   libshutdown2.o
         8          4          0          0         96         68   libspace.o
         2          0          0          0          0          0   rtexit.o
        10          0          0          0          0          0   rtexit2.o
        12          4          0          0          0         60   sys_exit.o
        62          0          0          0          0         80   sys_stackheap_outer.o
         2          0          0          0          0         68   use_no_semi.o

    ----------------------------------------------------------------------
       620         16          0          0        100        640   Library Totals
         8          0          0          0          4          0   (incl. Padding)

    ----------------------------------------------------------------------

      Code (inc. data)   RO Data    RW Data    ZI Data      Debug   Library Name

       612         16          0          0         96        640   c_p.l

    ----------------------------------------------------------------------
       620         16          0          0        100        640   Library Totals

    ----------------------------------------------------------------------

==============================================================================


      Code (inc. data)   RO Data    RW Data    ZI Data      Debug   

      2684        400         88         76       1640     215638   Grand Totals
      2684        400         88         76       1640     215638   ELF Image Totals
      2684        400         88         76          0          0   ROM Totals

==============================================================================

    Total RO  Size (Code + RO Data)                 2772 (   2.71kB)
    Total RW  Size (RW Data + ZI Data)              1716 (   1.68kB)
    Total ROM Size (Code + RO Data + RW Data)       2848 (   2.78kB)

==============================================================================

