<html>
<body>
<pre>
<h1>µVision Build Log</h1>
<h2>Tool Versions:</h2>
IDE-Version: µVision V5.22.0.0
Copyright (C) 2016 ARM Ltd and ARM Germany GmbH. All rights reserved.
License Information: Kacper Woloszyn, WIT, LIC=----
 
Tool Versions:
Toolchain:       MDK-Lite  Version: 5.22
Toolchain Path:  C:\Keil_v5\ARM\ARMCC\Bin
C Compiler:      Armcc.exe V5.06 update 4 (build 422)
Assembler:       Armasm.exe V5.06 update 4 (build 422)
Linker/Locator:  ArmLink.exe V5.06 update 4 (build 422)
Library Manager: ArmAr.exe V5.06 update 4 (build 422)
Hex Converter:   FromElf.exe V5.06 update 4 (build 422)
CPU DLL:         SARMCM3.DLL V5.22
Dialog DLL:      DARMCM1.DLL V1.15.0.0
Target DLL:      Segger\JL2CM3.dll V2.99.23.0
Dialog DLL:      TARMCM1.DLL V1.11.0.0
 
<h2>Project:</h2>
C:\Users\kacpe\Dropbox\Year 2\semester2\embedded\myTimer\myTimer.uvprojx
Project File Date:  02/15/2017

<h2>Output:</h2>
*** Using Compiler 'V5.06 update 4 (build 422)', folder: 'C:\Keil_v5\ARM\ARMCC\Bin'
Build target 'XMC1100-Q024x0064'
compiling main.c...
linking...
Program Size: Code=2684 RO-data=88 RW-data=76 ZI-data=1640  
".\UVBuild\myTimer.axf" - 0 Error(s), 0 Warning(s).

<h2>Software Packages used:</h2>

Package Vendor: ARM
                http://www.keil.com/pack/ARM.CMSIS.5.0.0.pack
                ARM::CMSIS:CORE:5.0.0
                CMSIS (Cortex Microcontroller Software Interface Standard)
   * Component: CORE Version: 5.0.0

Package Vendor: Infineon
                http://dave.infineon.com/Libraries/CMSIS_PACK/Infineon.XMC1000_DFP.2.5.1.pack
                Infineon::Device:XMClib:PRNG:2.1.8
                Infineon XMC1000 Series Device Support, Drivers and Examples
      Note: The new PACK download address is http://dave.infineon.com/Libraries/CMSIS_PACK/
   * Component: PRNG Version: 2.1.8
   * Component: MATH Version: 2.1.8
   * Component: POSIF Version: 2.1.8
   * Component: ERU Version: 2.1.8
   * Component: GPIO Version: 2.1.8
   * Component: I2C Version: 2.1.8
   * Component: ACMP Version: 2.1.8
   * Component: Startup Version: 2.0.0
   * Component: VADC Version: 2.1.8
   * Component: BCCU Version: 2.1.8
   * Component: CAN Version: 2.1.8
   * Component: CCU4 Version: 2.1.8
   * Component: CCU8 Version: 2.1.8
   * Component: I2S Version: 2.1.8
   * Component: LEDTS Version: 2.1.8
   * Component: PAU Version: 2.1.8
   * Component: WDT Version: 2.1.8
   * Component: SCU Version: 2.1.8
   * Component: FLASH Version: 2.1.8
   * Component: RTC Version: 2.1.8
   * Component: SPI Version: 2.1.8
   * Component: UART Version: 2.1.8

Package Vendor: Infineon
                C:\Users\kacpe\Dropbox\Year 2\semester2\embedded\myTimer/Infineon.myTimer.1.0.0.pack
                Infineon::DAVE:CLOCK_XMC1:4.0.18
                Generated Configuration Files for CE Project myTimer
   * Component: CLOCK_XMC1 Version: 4.0.18
   * Component: Framework Version: 1.0.0
   * Component: CPU_CTRL_XMC1 Version: 4.0.6
   * Component: GLOBAL_CCU4 Version: 4.1.12
   * Component: INTERRUPT Version: 4.0.8
   * Component: DIGITAL_IO Version: 4.0.16
   * Component: TIMER Version: 4.1.10

<h2>Collection of Component include folders:</h2>
  C:\Users\kacpe\Dropbox\Year 2\semester2\embedded\myTimer\RTE\_XMC1100-Q024x0064
  C:\Keil_v5\ARM\PACK\ARM\CMSIS\5.0.0\CMSIS\Include
  C:\Keil_v5\ARM\PACK\Infineon\XMC1000_DFP\2.5.1\Device\XMC1100_series\Include
  C:\Keil_v5\ARM\PACK\Infineon\XMC1000_DFP\2.5.1\Device\XMClib\inc
  C:\Users\kacpe\Dropbox\Year 2\semester2\embedded\myTimer\Dave\Generated
  C:\Users\kacpe\Dropbox\Year 2\semester2\embedded\myTimer\Dave\Generated\CLOCK_XMC1
  C:\Users\kacpe\Dropbox\Year 2\semester2\embedded\myTimer\Dave\Generated\CPU_CTRL_XMC1
  C:\Users\kacpe\Dropbox\Year 2\semester2\embedded\myTimer\Dave\Generated\DIGITAL_IO
  C:\Users\kacpe\Dropbox\Year 2\semester2\embedded\myTimer\Dave\Generated\GLOBAL_CCU4
  C:\Users\kacpe\Dropbox\Year 2\semester2\embedded\myTimer\Dave\Generated\INTERRUPT
  C:\Users\kacpe\Dropbox\Year 2\semester2\embedded\myTimer\Dave\Generated\TIMER

<h2>Collection of Component Files used:</h2>

   * Component: ARM::CMSIS:CORE:5.0.0

   * Component: Infineon::Device:XMClib:PRNG:2.1.8
      Source file:   Device\XMClib\src\xmc_common.c
      Source file:   Device\XMClib\src\xmc_prng.c

   * Component: Infineon::Device:XMClib:MATH:2.1.8
      Source file:   Device\XMClib\src\xmc_math.c
      Source file:   Device\XMClib\src\xmc_common.c

   * Component: Infineon::Device:XMClib:POSIF:2.1.8
      Source file:   Device\XMClib\src\xmc_common.c
      Source file:   Device\XMClib\src\xmc_posif.c

   * Component: Infineon::Device:XMClib:ERU:2.1.8
      Source file:   Device\XMClib\src\xmc1_eru.c
      Source file:   Device\XMClib\src\xmc_common.c
      Source file:   Device\XMClib\src\xmc_eru.c

   * Component: Infineon::Device:XMClib:GPIO:2.1.8
      Source file:   Device\XMClib\src\xmc_common.c
      Source file:   Device\XMClib\src\xmc_gpio.c
      Source file:   Device\XMClib\src\xmc1_gpio.c

   * Component: Infineon::Device:XMClib:I2C:2.1.8
      Source file:   Device\XMClib\src\xmc_usic.c
      Source file:   Device\XMClib\src\xmc_i2c.c
      Source file:   Device\XMClib\src\xmc_common.c

   * Component: Infineon::Device:XMClib:ACMP:2.1.8
      Source file:   Device\XMClib\src\xmc_acmp.c
      Source file:   Device\XMClib\src\xmc_common.c

   * Component: Infineon::Device:Startup:2.0.0
      Source file:   Device\XMC1100_series\Source\ARM\startup_XMC1100.s
      Source file:   Device\XMC1100_series\Source\system_XMC1100.c

   * Component: Infineon::Device:XMClib:VADC:2.1.8
      Source file:   Device\XMClib\src\xmc_common.c
      Source file:   Device\XMClib\src\xmc_vadc.c

   * Component: Infineon::Device:XMClib:BCCU:2.1.8
      Source file:   Device\XMClib\src\xmc_common.c
      Source file:   Device\XMClib\src\xmc_bccu.c

   * Component: Infineon::Device:XMClib:CAN:2.1.8
      Source file:   Device\XMClib\src\xmc_can.c
      Source file:   Device\XMClib\src\xmc_common.c

   * Component: Infineon::Device:XMClib:CCU4:2.1.8
      Source file:   Device\XMClib\src\xmc_common.c
      Source file:   Device\XMClib\src\xmc_ccu4.c

   * Component: Infineon::Device:XMClib:CCU8:2.1.8
      Source file:   Device\XMClib\src\xmc_ccu8.c
      Source file:   Device\XMClib\src\xmc_common.c

   * Component: Infineon::Device:XMClib:I2S:2.1.8
      Source file:   Device\XMClib\src\xmc_i2s.c
      Source file:   Device\XMClib\src\xmc_usic.c
      Source file:   Device\XMClib\src\xmc_common.c

   * Component: Infineon::Device:XMClib:LEDTS:2.1.8
      Source file:   Device\XMClib\src\xmc_ledts.c
      Source file:   Device\XMClib\src\xmc_common.c

   * Component: Infineon::Device:XMClib:PAU:2.1.8
      Source file:   Device\XMClib\src\xmc_pau.c
      Source file:   Device\XMClib\src\xmc_common.c

   * Component: Infineon::Device:XMClib:WDT:2.1.8
      Source file:   Device\XMClib\src\xmc_common.c
      Source file:   Device\XMClib\src\xmc_wdt.c

   * Component: Infineon::Device:XMClib:SCU:2.1.8
      Source file:   Device\XMClib\src\xmc1_scu.c
      Source file:   Device\XMClib\src\xmc_common.c

   * Component: Infineon::Device:XMClib:FLASH:2.1.8
      Source file:   Device\XMClib\src\xmc1_flash.c
      Source file:   Device\XMClib\src\xmc_common.c

   * Component: Infineon::Device:XMClib:RTC:2.1.8
      Source file:   Device\XMClib\src\xmc_common.c
      Source file:   Device\XMClib\src\xmc_rtc.c
      Source file:   Device\XMClib\src\xmc1_rtc.c

   * Component: Infineon::Device:XMClib:SPI:2.1.8
      Source file:   Device\XMClib\src\xmc_spi.c
      Source file:   Device\XMClib\src\xmc_common.c
      Source file:   Device\XMClib\src\xmc_usic.c

   * Component: Infineon::Device:XMClib:UART:2.1.8
      Source file:   Device\XMClib\src\xmc_common.c
      Source file:   Device\XMClib\src\xmc_uart.c
      Source file:   Device\XMClib\src\xmc_usic.c

   * Component: Infineon::DAVE:CLOCK_XMC1:4.0.18
      Include file:  Dave\Generated\CLOCK_XMC1\clock_xmc1.h
      Source file:   Dave\Generated\CLOCK_XMC1\clock_xmc1.c
      Include file:  Dave\Generated\CLOCK_XMC1\clock_xmc1_extern.h
      Source file:   Dave\Generated\CLOCK_XMC1\clock_xmc1_conf.c
      Include file:  Dave\Generated\CLOCK_XMC1\clock_xmc1_conf.h

   * Component: Infineon::DAVE:Framework:1.0.0
      Include file:  Dave\Generated\DAVE.h
      Include file:  Dave\Generated\DAVE_Common.h
      Source file:   Dave\Generated\DAVE.c

   * Component: Infineon::DAVE:CPU_CTRL_XMC1:4.0.6
      Source file:   Dave\Generated\CPU_CTRL_XMC1\cpu_ctrl_xmc1.c
      Include file:  Dave\Generated\CPU_CTRL_XMC1\cpu_ctrl_xmc1_conf.h
      Include file:  Dave\Generated\CPU_CTRL_XMC1\cpu_ctrl_xmc1_extern.h
      Source file:   Dave\Generated\CPU_CTRL_XMC1\cpu_ctrl_xmc1_conf.c
      Include file:  Dave\Generated\CPU_CTRL_XMC1\cpu_ctrl_xmc1.h

   * Component: Infineon::DAVE:GLOBAL_CCU4:4.1.12
      Include file:  Dave\Generated\GLOBAL_CCU4\global_ccu4.h
      Include file:  Dave\Generated\GLOBAL_CCU4\global_ccu4_extern.h
      Source file:   Dave\Generated\GLOBAL_CCU4\global_ccu4.c
      Source file:   Dave\Generated\GLOBAL_CCU4\global_ccu4_conf.c
      Include file:  Dave\Generated\GLOBAL_CCU4\global_ccu4_conf.h

   * Component: Infineon::DAVE:INTERRUPT:4.0.8
      Include file:  Dave\Generated\INTERRUPT\interrupt_extern.h
      Source file:   Dave\Generated\INTERRUPT\interrupt.c
      Source file:   Dave\Generated\INTERRUPT\interrupt_conf.c
      Include file:  Dave\Generated\INTERRUPT\interrupt_conf.h
      Include file:  Dave\Generated\INTERRUPT\interrupt.h

   * Component: Infineon::DAVE:DIGITAL_IO:4.0.16
      Include file:  Dave\Generated\DIGITAL_IO\digital_io.h
      Include file:  Dave\Generated\DIGITAL_IO\digital_io_conf.h
      Include file:  Dave\Generated\DIGITAL_IO\digital_io_extern.h
      Source file:   Dave\Generated\DIGITAL_IO\digital_io.c
      Source file:   Dave\Generated\DIGITAL_IO\digital_io_conf.c

   * Component: Infineon::DAVE:TIMER:4.1.10
      Include file:  Dave\Generated\TIMER\timer_conf.h
      Source file:   Dave\Generated\TIMER\timer.c
      Include file:  Dave\Generated\TIMER\timer_extern.h
      Source file:   Dave\Generated\TIMER\timer_conf.c
      Include file:  Dave\Generated\TIMER\timer.h
Build Time Elapsed:  00:00:02
</pre>
</body>
</html>
